ARM Linker, 5.03 [Build 76] [MDK-ARM Standard]

==============================================================================

Section Cross References

    stm32f1xx_hal_rcc_ex.o(i.HAL_RCCEx_GetPeriphCLKFreq) refers to stm32f1xx_hal_rcc.o(i.HAL_RCC_GetPCLK2Freq) for HAL_RCC_GetPCLK2Freq
    stm32f1xx_hal_rcc_ex.o(i.HAL_RCCEx_GetPeriphCLKFreq) refers to stm32f1xx_hal_rcc.o(i.HAL_RCC_GetSysClockFreq) for HAL_RCC_GetSysClockFreq
    stm32f1xx_hal_rcc_ex.o(i.HAL_RCCEx_PeriphCLKConfig) refers to stm32f1xx_hal.o(i.HAL_GetTick) for HAL_GetTick
    stm32f1xx_hal_pwr.o(i.HAL_PWR_EnterSTOPMode) refers to stm32f1xx_hal_pwr.o(i.PWR_OverloadWfe) for PWR_OverloadWfe
    stm32f1xx_hal_pwr.o(i.HAL_PWR_PVD_IRQHandler) refers to stm32f1xx_hal_pwr.o(i.HAL_PWR_PVDCallback) for HAL_PWR_PVDCallback
    stm32f1xx_hal_dma.o(i.HAL_DMA_PollForTransfer) refers to stm32f1xx_hal.o(i.HAL_GetTick) for HAL_GetTick
    stm32f1xx_hal_dma.o(i.HAL_DMA_Start) refers to stm32f1xx_hal_dma.o(i.DMA_SetConfig) for DMA_SetConfig
    stm32f1xx_hal_dma.o(i.HAL_DMA_Start_IT) refers to stm32f1xx_hal_dma.o(i.DMA_SetConfig) for DMA_SetConfig
    stm32f1xx_hal.o(i.HAL_DeInit) refers to stm32f1xx_hal.o(i.HAL_MspDeInit) for HAL_MspDeInit
    stm32f1xx_hal.o(i.HAL_Delay) refers to stm32f1xx_hal.o(i.HAL_GetTick) for HAL_GetTick
    stm32f1xx_hal.o(i.HAL_Delay) refers to stm32f1xx_hal.o(.data) for .data
    stm32f1xx_hal.o(i.HAL_GetTick) refers to stm32f1xx_hal.o(.data) for .data
    stm32f1xx_hal.o(i.HAL_GetTickFreq) refers to stm32f1xx_hal.o(.data) for .data
    stm32f1xx_hal.o(i.HAL_GetTickPrio) refers to stm32f1xx_hal.o(.data) for .data
    stm32f1xx_hal.o(i.HAL_IncTick) refers to stm32f1xx_hal.o(.data) for .data
    stm32f1xx_hal.o(i.HAL_Init) refers to stm32f1xx_hal_cortex.o(i.HAL_NVIC_SetPriorityGrouping) for HAL_NVIC_SetPriorityGrouping
    stm32f1xx_hal.o(i.HAL_Init) refers to stm32f1xx_hal.o(i.HAL_InitTick) for HAL_InitTick
    stm32f1xx_hal.o(i.HAL_Init) refers to stm32f1xx_hal_msp.o(i.HAL_MspInit) for HAL_MspInit
    stm32f1xx_hal.o(i.HAL_InitTick) refers to stm32f1xx_hal_cortex.o(i.HAL_SYSTICK_Config) for HAL_SYSTICK_Config
    stm32f1xx_hal.o(i.HAL_InitTick) refers to stm32f1xx_hal_cortex.o(i.HAL_NVIC_SetPriority) for HAL_NVIC_SetPriority
    stm32f1xx_hal.o(i.HAL_InitTick) refers to stm32f1xx_hal.o(.data) for .data
    stm32f1xx_hal.o(i.HAL_InitTick) refers to system_stm32f1xx.o(.data) for SystemCoreClock
    stm32f1xx_hal.o(i.HAL_SetTickFreq) refers to stm32f1xx_hal.o(i.HAL_InitTick) for HAL_InitTick
    stm32f1xx_hal.o(i.HAL_SetTickFreq) refers to stm32f1xx_hal.o(.data) for .data
    stm32f1xx_hal_flash_ex.o(i.FLASH_MassErase) refers to stm32f1xx_hal_flash.o(.bss) for pFlash
    stm32f1xx_hal_flash_ex.o(i.FLASH_OB_DisableWRP) refers to stm32f1xx_hal_flash.o(i.FLASH_WaitForLastOperation) for FLASH_WaitForLastOperation
    stm32f1xx_hal_flash_ex.o(i.FLASH_OB_DisableWRP) refers to stm32f1xx_hal_flash_ex.o(i.HAL_FLASHEx_OBErase) for HAL_FLASHEx_OBErase
    stm32f1xx_hal_flash_ex.o(i.FLASH_OB_DisableWRP) refers to stm32f1xx_hal_flash.o(.bss) for pFlash
    stm32f1xx_hal_flash_ex.o(i.FLASH_OB_EnableWRP) refers to stm32f1xx_hal_flash.o(i.FLASH_WaitForLastOperation) for FLASH_WaitForLastOperation
    stm32f1xx_hal_flash_ex.o(i.FLASH_OB_EnableWRP) refers to stm32f1xx_hal_flash_ex.o(i.HAL_FLASHEx_OBErase) for HAL_FLASHEx_OBErase
    stm32f1xx_hal_flash_ex.o(i.FLASH_OB_EnableWRP) refers to stm32f1xx_hal_flash.o(.bss) for pFlash
    stm32f1xx_hal_flash_ex.o(i.FLASH_OB_RDP_LevelConfig) refers to stm32f1xx_hal_flash.o(i.FLASH_WaitForLastOperation) for FLASH_WaitForLastOperation
    stm32f1xx_hal_flash_ex.o(i.FLASH_OB_RDP_LevelConfig) refers to stm32f1xx_hal_flash.o(.bss) for pFlash
    stm32f1xx_hal_flash_ex.o(i.FLASH_PageErase) refers to stm32f1xx_hal_flash.o(.bss) for pFlash
    stm32f1xx_hal_flash_ex.o(i.HAL_FLASHEx_Erase) refers to stm32f1xx_hal_flash.o(i.FLASH_WaitForLastOperation) for FLASH_WaitForLastOperation
    stm32f1xx_hal_flash_ex.o(i.HAL_FLASHEx_Erase) refers to stm32f1xx_hal_flash_ex.o(i.FLASH_MassErase) for FLASH_MassErase
    stm32f1xx_hal_flash_ex.o(i.HAL_FLASHEx_Erase) refers to stm32f1xx_hal_flash_ex.o(i.FLASH_PageErase) for FLASH_PageErase
    stm32f1xx_hal_flash_ex.o(i.HAL_FLASHEx_Erase) refers to stm32f1xx_hal_flash.o(.bss) for pFlash
    stm32f1xx_hal_flash_ex.o(i.HAL_FLASHEx_Erase_IT) refers to stm32f1xx_hal_flash_ex.o(i.FLASH_PageErase) for FLASH_PageErase
    stm32f1xx_hal_flash_ex.o(i.HAL_FLASHEx_Erase_IT) refers to stm32f1xx_hal_flash_ex.o(i.FLASH_MassErase) for FLASH_MassErase
    stm32f1xx_hal_flash_ex.o(i.HAL_FLASHEx_Erase_IT) refers to stm32f1xx_hal_flash.o(.bss) for pFlash
    stm32f1xx_hal_flash_ex.o(i.HAL_FLASHEx_OBErase) refers to stm32f1xx_hal_flash_ex.o(i.FLASH_OB_GetRDP) for FLASH_OB_GetRDP
    stm32f1xx_hal_flash_ex.o(i.HAL_FLASHEx_OBErase) refers to stm32f1xx_hal_flash.o(i.FLASH_WaitForLastOperation) for FLASH_WaitForLastOperation
[...]
    Removing adc.o(.rev16_text), (4 bytes).
    Removing adc.o(.revsh_text), (4 bytes).
    Removing adc.o(.rrx_text), (6 bytes).
    Removing adc.o(i.HAL_ADC_MspDeInit), (84 bytes).
    Removing x9312.o(.rev16_text), (4 bytes).
    Removing x9312.o(.revsh_text), (4 bytes).
    Removing x9312.o(.rrx_text), (6 bytes).
    Removing pt100.o(.rev16_text), (4 bytes).
    Removing pt100.o(.revsh_text), (4 bytes).
    Removing pt100.o(.rrx_text), (6 bytes).
    Removing startup_stm32f103xe.o(HEAP), (512 bytes).
    Removing system_stm32f1xx.o(.rev16_text), (4 bytes).
    Removing system_stm32f1xx.o(.revsh_text), (4 bytes).
    Removing system_stm32f1xx.o(.rrx_text), (6 bytes).
    Removing system_stm32f1xx.o(i.SystemCoreClockUpdate), (104 bytes).

407 unused section(s) (total 22105 bytes) removed from the image.

==============================================================================

Image Symbol Table

    Local Symbols

    Symbol Name                              Value     Ov Type        Size  Object(Section)

    ../Drivers/STM32F1xx_HAL_Driver/Src/stm32f1xx_hal.c 0x00000000   Number         0  stm32f1xx_hal.o ABSOLUTE
    ../Drivers/STM32F1xx_HAL_Driver/Src/stm32f1xx_hal_adc.c 0x00000000   Number         0  stm32f1xx_hal_adc.o ABSOLUTE
    ../Drivers/STM32F1xx_HAL_Driver/Src/stm32f1xx_hal_adc_ex.c 0x00000000   Number         0  stm32f1xx_hal_adc_ex.o ABSOLUTE
    ../Drivers/STM32F1xx_HAL_Driver/Src/stm32f1xx_hal_cortex.c 0x00000000   Number         0  stm32f1xx_hal_cortex.o ABSOLUTE
    ../Drivers/STM32F1xx_HAL_Driver/Src/stm32f1xx_hal_dac.c 0x00000000   Number         0  stm32f1xx_hal_dac.o ABSOLUTE
    ../Drivers/STM32F1xx_HAL_Driver/Src/stm32f1xx_hal_dac_ex.c 0x00000000   Number         0  stm32f1xx_hal_dac_ex.o ABSOLUTE
    ../Drivers/STM32F1xx_HAL_Driver/Src/stm32f1xx_hal_dma.c 0x00000000   Number         0  stm32f1xx_hal_dma.o ABSOLUTE
    ../Drivers/STM32F1xx_HAL_Driver/Src/stm32f1xx_hal_flash.c 0x00000000   Number         0  stm32f1xx_hal_flash.o ABSOLUTE
    ../Drivers/STM32F1xx_HAL_Driver/Src/stm32f1xx_hal_flash_ex.c 0x00000000   Number         0  stm32f1xx_hal_flash_ex.o ABSOLUTE
    ../Drivers/STM32F1xx_HAL_Driver/Src/stm32f1xx_hal_gpio.c 0x00000000   Number         0  stm32f1xx_hal_gpio.o ABSOLUTE
    ../Drivers/STM32F1xx_HAL_Driver/Src/stm32f1xx_hal_gpio_ex.c 0x00000000   Number         0  stm32f1xx_hal_gpio_ex.o ABSOLUTE
    ../Drivers/STM32F1xx_HAL_Driver/Src/stm32f1xx_hal_pwr.c 0x00000000   Number         0  stm32f1xx_hal_pwr.o ABSOLUTE
    ../Drivers/STM32F1xx_HAL_Driver/Src/stm32f1xx_hal_rcc.c 0x00000000   Number         0  stm32f1xx_hal_rcc.o ABSOLUTE
    ../Drivers/STM32F1xx_HAL_Driver/Src/stm32f1xx_hal_rcc_ex.c 0x00000000   Number         0  stm32f1xx_hal_rcc_ex.o ABSOLUTE
    ../Drivers/STM32F1xx_HAL_Driver/Src/stm32f1xx_hal_tim.c 0x00000000   Number         0  stm32f1xx_hal_tim.o ABSOLUTE
    ../Drivers/STM32F1xx_HAL_Driver/Src/stm32f1xx_hal_tim_ex.c 0x00000000   Number         0  stm32f1xx_hal_tim_ex.o ABSOLUTE
    ../Drivers/STM32F1xx_HAL_Driver/Src/stm32f1xx_hal_uart.c 0x00000000   Number         0  stm32f1xx_hal_uart.o ABSOLUTE
    ../Src/adc.c                             0x00000000   Number         0  adc.o ABSOLUTE
    ../Src/dac.c                             0x00000000   Number         0  dac.o ABSOLUTE
    ../Src/dma.c                             0x00000000   Number         0  dma.o ABSOLUTE
    ../Src/gpio.c                            0x00000000   Number         0  gpio.o ABSOLUTE
    ../Src/main.c                            0x00000000   Number         0  main.o ABSOLUTE
    ../Src/stm32f1xx_hal_msp.c               0x00000000   Number         0  stm32f1xx_hal_msp.o ABSOLUTE
    ../Src/stm32f1xx_it.c                    0x00000000   Number         0  stm32f1xx_it.o ABSOLUTE
    ../Src/system_stm32f1xx.c                0x00000000   Number         0  system_stm32f1xx.o ABSOLUTE
    ../Src/tim.c                             0x00000000   Number         0  tim.o ABSOLUTE
    ../Src/usart.c                           0x00000000   Number         0  usart.o ABSOLUTE
    ../clib/microlib/ctype/ctype.c           0x00000000   Number         0  ctype_c.o ABSOLUTE
    ../clib/microlib/ctype/ctype.c           0x00000000   Number         0  isspace_c.o ABSOLUTE
    ../clib/microlib/errno.c                 0x00000000   Number         0  errno.o ABSOLUTE
    ../clib/microlib/init/entry.s            0x00000000   Number         0  entry8a.o ABSOLUTE
    ../clib/microlib/init/entry.s            0x00000000   Number         0  entry9b.o ABSOLUTE
    ../clib/microlib/init/entry.s            0x00000000   Number         0  entry5.o ABSOLUTE
    ../clib/microlib/init/entry.s            0x00000000   Number         0  entry10a.o ABSOLUTE
    ../clib/microlib/init/entry.s            0x00000000   Number         0  entry7a.o ABSOLUTE
    ../clib/microlib/init/entry.s            0x00000000   Number         0  entry9a.o ABSOLUTE
    ../clib/microlib/init/entry.s            0x00000000   Number         0  entry7b.o ABSOLUTE
    ../clib/microlib/init/entry.s            0x00000000   Number         0  entry8b.o ABSOLUTE
    ../clib/microlib/init/entry.s            0x00000000   Number         0  entry.o ABSOLUTE
    ../clib/microlib/init/entry.s            0x00000000   Number         0  entry10b.o ABSOLUTE
    ../clib/microlib/init/entry.s            0x00000000   Number         0  entry11b.o ABSOLUTE
    ../clib/microlib/init/entry.s            0x00000000   Number         0  entry2.o ABSOLUTE
    ../clib/microlib/init/entry.s            0x00000000   Number         0  entry11a.o ABSOLUTE
    ../clib/microlib/longlong.c              0x00000000   Number         0  llsshr.o ABSOLUTE
    ../clib/microlib/longlong.c              0x00000000   Number         0  llshl.o ABSOLUTE
    ../clib/microlib/longlong.c              0x00000000   Number         0  llushr.o ABSOLUTE
    ../clib/microlib/string/memset.c         0x00000000   Number         0  memseta.o ABSOLUTE
    ../clib/microlib/stubs.s                 0x00000000   Number         0  iusefp.o ABSOLUTE
    ../clib/scanf.c                          0x00000000   Number         0  strtod.o ABSOLUTE
    ../clib/scanf.c                          0x00000000   Number         0  _sgetc.o ABSOLUTE
    ../clib/scanf.c                          0x00000000   Number         0  scanf_fp.o ABSOLUTE
    ../fplib/microlib/d2f.c                  0x00000000   Number         0  d2f.o ABSOLUTE
    ../fplib/microlib/f2d.c                  0x00000000   Number         0  f2d.o ABSOLUTE
    ../fplib/microlib/fpadd.c                0x00000000   Number         0  dadd.o ABSOLUTE
    ../fplib/microlib/fpdiv.c                0x00000000   Number         0  ddiv.o ABSOLUTE
    ../fplib/microlib/fpepilogue.c           0x00000000   Number         0  fepilogue.o ABSOLUTE
    ../fplib/microlib/fpepilogue.c           0x00000000   Number         0  depilogue.o ABSOLUTE
    ../fplib/microlib/fpfix.c                0x00000000   Number         0  dfixi.o ABSOLUTE
    ../fplib/microlib/fpflt.c                0x00000000   Number         0  dfltui.o ABSOLUTE
    ../fplib/microlib/fpflt.c                0x00000000   Number         0  dflti.o ABSOLUTE
    ../fplib/microlib/fpflt.c                0x00000000   Number         0  dfltul.o ABSOLUTE
    ../fplib/microlib/fpmul.c                0x00000000   Number         0  dmul.o ABSOLUTE
    ../fplib/microlib/fpscalb.c              0x00000000   Number         0  dscalb.o ABSOLUTE
    ../fplib/microlib/fpsqrt.c               0x00000000   Number         0  dsqrt.o ABSOLUTE
    ../mathlib/atof.c                        0x00000000   Number         0  atof.o ABSOLUTE
    ../mathlib/dunder.c                      0x00000000   Number         0  dunder.o ABSOLUTE
    ../mathlib/fpclassify.c                  0x00000000   Number         0  fpclassify.o ABSOLUTE
    ../mathlib/poly.c                        0x00000000   Number         0  poly.o ABSOLUTE
    ../mathlib/pow.c                         0x00000000   Number         0  pow_x.o ABSOLUTE
    ../mathlib/pow.c                         0x00000000   Number         0  pow.o ABSOLUTE
    ../mathlib/qnan.c                        0x00000000   Number         0  qnan.o ABSOLUTE
    ../mathlib/sqrt.c                        0x00000000   Number         0  sqrt.o ABSOLUTE
    ../mathlib/sqrt.c                        0x00000000   Number         0  sqrt_x.o ABSOLUTE
    ..\Drivers\STM32F1xx_HAL_Driver\Src\stm32f1xx_hal.c 0x00000000   Number         0  stm32f1xx_hal.o ABSOLUTE
    ..\Drivers\STM32F1xx_HAL_Driver\Src\stm32f1xx_hal_adc.c 0x00000000   Number         0  stm32f1xx_hal_adc.o ABSOLUTE
    ..\Drivers\STM32F1xx_HAL_Driver\Src\stm32f1xx_hal_adc_ex.c 0x00000000   Number         0  stm32f1xx_hal_adc_ex.o ABSOLUTE
    ..\Drivers\STM32F1xx_HAL_Driver\Src\stm32f1xx_hal_cortex.c 0x00000000   Number         0  stm32f1xx_hal_cortex.o ABSOLUTE
    ..\Drivers\STM32F1xx_HAL_Driver\Src\stm32f1xx_hal_dac.c 0x00000000   Number         0  stm32f1xx_hal_dac.o ABSOLUTE
    ..\Drivers\STM32F1xx_HAL_Driver\Src\stm32f1xx_hal_dac_ex.c 0x00000000   Number         0  stm32f1xx_hal_dac_ex.o ABSOLUTE
    ..\Drivers\STM32F1xx_HAL_Driver\Src\stm32f1xx_hal_dma.c 0x00000000   Number         0  stm32f1xx_hal_dma.o ABSOLUTE
    ..\Drivers\STM32F1xx_HAL_Driver\Src\stm32f1xx_hal_flash.c 0x00000000   Number         0  stm32f1xx_hal_flash.o ABSOLUTE
    ..\Drivers\STM32F1xx_HAL_Driver\Src\stm32f1xx_hal_flash_ex.c 0x00000000   Number         0  stm32f1xx_hal_flash_ex.o ABSOLUTE
    ..\Drivers\STM32F1xx_HAL_Driver\Src\stm32f1xx_hal_gpio.c 0x00000000   Number         0  stm32f1xx_hal_gpio.o ABSOLUTE
    ..\Drivers\STM32F1xx_HAL_Driver\Src\stm32f1xx_hal_gpio_ex.c 0x00000000   Number         0  stm32f1xx_hal_gpio_ex.o ABSOLUTE
    ..\Drivers\STM32F1xx_HAL_Driver\Src\stm32f1xx_hal_pwr.c 0x00000000   Number         0  stm32f1xx_hal_pwr.o ABSOLUTE
    ..\Drivers\STM32F1xx_HAL_Driver\Src\stm32f1xx_hal_rcc.c 0x00000000   Number         0  stm32f1xx_hal_rcc.o ABSOLUTE
    ..\Drivers\STM32F1xx_HAL_Driver\Src\stm32f1xx_hal_rcc_ex.c 0x00000000   Number         0  stm32f1xx_hal_rcc_ex.o ABSOLUTE
    ..\Drivers\STM32F1xx_HAL_Driver\Src\stm32f1xx_hal_tim.c 0x00000000   Number         0  stm32f1xx_hal_tim.o ABSOLUTE
    ..\Drivers\STM32F1xx_HAL_Driver\Src\stm32f1xx_hal_tim_ex.c 0x00000000   Number         0  stm32f1xx_hal_tim_ex.o ABSOLUTE
    ..\Drivers\STM32F1xx_HAL_Driver\Src\stm32f1xx_hal_uart.c 0x00000000   Number         0  stm32f1xx_hal_uart.o ABSOLUTE
    ..\Src\adc.c                             0x00000000   Number         0  adc.o ABSOLUTE
    ..\Src\dac.c                             0x00000000   Number         0  dac.o ABSOLUTE
    ..\Src\dma.c                             0x00000000   Number         0  dma.o ABSOLUTE
    ..\Src\gpio.c                            0x00000000   Number         0  gpio.o ABSOLUTE
    ..\Src\main.c                            0x00000000   Number         0  main.o ABSOLUTE
    ..\Src\stm32f1xx_hal_msp.c               0x00000000   Number         0  stm32f1xx_hal_msp.o ABSOLUTE
    ..\Src\stm32f1xx_it.c                    0x00000000   Number         0  stm32f1xx_it.o ABSOLUTE
    ..\Src\system_stm32f1xx.c                0x00000000   Number         0  system_stm32f1xx.o ABSOLUTE
    ..\Src\tim.c                             0x00000000   Number         0  tim.o ABSOLUTE
    ..\Src\usart.c                           0x00000000   Number         0  usart.o ABSOLUTE
    PT100.c                                  0x00000000   Number         0  pt100.o ABSOLUTE
    PT100.c                                  0x00000000   Number         0  pt100.o ABSOLUTE
    X9312.c                                  0x00000000   Number         0  x9312.o ABSOLUTE
    X9312.c                                  0x00000000   Number         0  x9312.o ABSOLUTE
    cdcmple.s                                0x00000000   Number         0  cdcmple.o ABSOLUTE
    cdrcmple.s                               0x00000000   Number         0  cdrcmple.o ABSOLUTE
    dc.s                                     0x00000000   Number         0  dc.o ABSOLUTE
    ds18b20.c                                0x00000000   Number         0  ds18b20.o ABSOLUTE
    ds18b20.c                                0x00000000   Number         0  ds18b20.o ABSOLUTE
    handlers.s                               0x00000000   Number         0  handlers.o ABSOLUTE
    init.s                                   0x00000000   Number         0  init.o ABSOLUTE
    startup_stm32f103xe.s                    0x00000000   Number         0  startup_stm32f103xe.o ABSOLUTE
    RESET                                    0x08000000   Section      304  startup_stm32f103xe.o(RESET)
    .ARM.Collect$$$$00000000                 0x08000130   Section        0  entry.o(.ARM.Collect$$$$00000000)
    .ARM.Collect$$$$00000001                 0x08000130   Section        4  entry2.o(.ARM.Collect$$$$00000001)
    .ARM.Collect$$$$00000004                 0x08000134   Section        4  entry5.o(.ARM.Collect$$$$00000004)
    .ARM.Collect$$$$00000008                 0x08000138   Section        0  entry7b.o(.ARM.Collect$$$$00000008)
    .ARM.Collect$$$$0000000A                 0x08000138   Section        0  entry8b.o(.ARM.Collect$$$$0000000A)
    .ARM.Collect$$$$0000000B                 0x08000138   Section        8  entry9a.o(.ARM.Collect$$$$0000000B)
    .ARM.Collect$$$$0000000D                 0x08000140   Section        0  entry10a.o(.ARM.Collect$$$$0000000D)
    .ARM.Collect$$$$0000000F                 0x08000140   Section        0  entry11a.o(.ARM.Collect$$$$0000000F)
    .ARM.Collect$$$$00002712                 0x08000140   Section        4  entry2.o(.ARM.Collect$$$$00002712)
    __lit__00000000                          0x08000140   Data           4  entry2.o(.ARM.Collect$$$$00002712)
    .text                                    0x08000144   Section       36  startup_stm32f103xe.o(.text)
    .text                                    0x08000168   Section        0  llushr.o(.text)
    .text                                    0x08000188   Section        0  memseta.o(.text)
    .text                                    0x080001ac   Section        0  dadd.o(.text)
    .text                                    0x080002fa   Section        0  dmul.o(.text)
    .text                                    0x080003de   Section        0  ddiv.o(.text)
    .text                                    0x080004bc   Section        0  dscalb.o(.text)
    .text                                    0x080004ea   Section        0  dflti.o(.text)
    .text                                    0x0800050c   Section        0  dfltui.o(.text)
    .text                                    0x08000526   Section        0  dfixi.o(.text)
    .text                                    0x08000564   Section        0  f2d.o(.text)
    .text                                    0x0800058c   Section       40  cdcmple.o(.text)
    .text                                    0x080005b4   Section       40  cdrcmple.o(.text)
    .text                                    0x080005dc   Section        0  d2f.o(.text)
    .text                                    0x08000614   Section        0  llshl.o(.text)
    .text                                    0x08000632   Section        0  llsshr.o(.text)
    .text                                    0x08000658   Section        0  strtod.o(.text)
    _local_sscanf                            0x08000659   Thumb Code    54  strtod.o(.text)
    .text                                    0x080006f4   Section        0  fepilogue.o(.text)
    .text                                    0x080006f4   Section        0  iusefp.o(.text)
    .text                                    0x08000760   Section        0  depilogue.o(.text)
    .text                                    0x08000820   Section       36  init.o(.text)
    .text                                    0x08000844   Section        0  isspace_c.o(.text)
    .text                                    0x08000850   Section        0  scanf_fp.o(.text)
    _fp_value                                0x08000851   Thumb Code   256  scanf_fp.o(.text)
    .text                                    0x08000b8c   Section        0  _sgetc.o(.text)
    .text                                    0x08000bcc   Section        0  dsqrt.o(.text)
    .text                                    0x08000c70   Section        0  ctype_c.o(.text)
    .text                                    0x08000c98   Section        0  dfltul.o(.text)
    i.ADC_ConversionStop_Disable             0x08000cb0   Section        0  stm32f1xx_hal_adc.o(i.ADC_ConversionStop_Disable)
    i.ADC_DMAConvCplt                        0x08000cfc   Section        0  stm32f1xx_hal_adc.o(i.ADC_DMAConvCplt)
    i.ADC_DMAError                           0x08000d4a   Section        0  stm32f1xx_hal_adc.o(i.ADC_DMAError)
    i.ADC_DMAHalfConvCplt                    0x08000d64   Section        0  stm32f1xx_hal_adc.o(i.ADC_DMAHalfConvCplt)
    i.ADC_Enable                             0x08000d70   Section        0  stm32f1xx_hal_adc.o(i.ADC_Enable)
    i.BusFault_Handler                       0x08000de0   Section        0  stm32f1xx_it.o(i.BusFault_Handler)
    i.DMA1_Channel1_IRQHandler               0x08000de4   Section        0  stm32f1xx_it.o(i.DMA1_Channel1_IRQHandler)
    i.DMA1_Channel4_IRQHandler               0x08000df0   Section        0  stm32f1xx_it.o(i.DMA1_Channel4_IRQHandler)
    i.DMA1_Channel5_IRQHandler               0x08000dfc   Section        0  stm32f1xx_it.o(i.DMA1_Channel5_IRQHandler)
    i.DMA2_Channel4_5_IRQHandler             0x08000e08   Section        0  stm32f1xx_it.o(i.DMA2_Channel4_5_IRQHandler)
    i.DMA_SetConfig                          0x08000e14   Section        0  stm32f1xx_hal_dma.o(i.DMA_SetConfig)
    DMA_SetConfig                            0x08000e15   Thumb Code    42  stm32f1xx_hal_dma.o(i.DMA_SetConfig)
    i.DS18B20_Check                          0x08000e40   Section        0  ds18b20.o(i.DS18B20_Check)
    i.DS18B20_Get_Temp                       0x08000e94   Section        0  ds18b20.o(i.DS18B20_Get_Temp)
    i.DS18B20_Init                           0x08000f08   Section        0  ds18b20.o(i.DS18B20_Init)
    i.DS18B20_Read_Bit                       0x08000f3c   Section        0  ds18b20.o(i.DS18B20_Read_Bit)
    i.DS18B20_Read_Byte                      0x08000f80   Section        0  ds18b20.o(i.DS18B20_Read_Byte)
    i.DS18B20_Rst                            0x08000fa0   Section        0  ds18b20.o(i.DS18B20_Rst)
    i.DS18B20_Start                          0x08000fd0   Section        0  ds18b20.o(i.DS18B20_Start)
    i.DS18B20_Write_Byte                     0x08000fec   Section        0  ds18b20.o(i.DS18B20_Write_Byte)
    i.DebugMon_Handler                       0x08001048   Section        0  stm32f1xx_it.o(i.DebugMon_Handler)
    i.EXTI15_10_IRQHandler                   0x0800104a   Section        0  stm32f1xx_it.o(i.EXTI15_10_IRQHandler)
    i.HAL_ADCEx_InjectedConfigChannel        0x08001068   Section        0  stm32f1xx_hal_adc_ex.o(i.HAL_ADCEx_InjectedConfigChannel)
    i.HAL_ADC_ConfigChannel                  0x08001258   Section        0  stm32f1xx_hal_adc.o(i.HAL_ADC_ConfigChannel)
    i.HAL_ADC_ConvCpltCallback               0x08001354   Section        0  stm32f1xx_hal_adc.o(i.HAL_ADC_ConvCpltCallback)
    i.HAL_ADC_ConvHalfCpltCallback           0x08001356   Section        0  stm32f1xx_hal_adc.o(i.HAL_ADC_ConvHalfCpltCallback)
    i.HAL_ADC_ErrorCallback                  0x08001358   Section        0  stm32f1xx_hal_adc.o(i.HAL_ADC_ErrorCallback)
    i.HAL_ADC_Init                           0x0800135c   Section        0  stm32f1xx_hal_adc.o(i.HAL_ADC_Init)
    i.HAL_ADC_MspInit                        0x08001480   Section        0  adc.o(i.HAL_ADC_MspInit)
    i.HAL_ADC_Start_DMA                      0x08001564   Section        0  stm32f1xx_hal_adc.o(i.HAL_ADC_Start_DMA)
    i.HAL_DAC_ConfigChannel                  0x08001670   Section        0  stm32f1xx_hal_dac.o(i.HAL_DAC_ConfigChannel)
    i.HAL_DAC_Init                           0x080016b2   Section        0  stm32f1xx_hal_dac.o(i.HAL_DAC_Init)
    i.HAL_DAC_MspInit                        0x080016dc   Section        0  dac.o(i.HAL_DAC_MspInit)
    i.HAL_DAC_SetValue                       0x0800171c   Section        0  stm32f1xx_hal_dac.o(i.HAL_DAC_SetValue)
    i.HAL_DAC_Start                          0x08001736   Section        0  stm32f1xx_hal_dac.o(i.HAL_DAC_Start)
    i.HAL_DMA_Abort                          0x0800178a   Section        0  stm32f1xx_hal_dma.o(i.HAL_DMA_Abort)
    i.HAL_DMA_Abort_IT                       0x080017bc   Section        0  stm32f1xx_hal_dma.o(i.HAL_DMA_Abort_IT)
    i.HAL_DMA_IRQHandler                     0x080018ec   Section        0  stm32f1xx_hal_dma.o(i.HAL_DMA_IRQHandler)
    i.HAL_DMA_Init                           0x08001b38   Section        0  stm32f1xx_hal_dma.o(i.HAL_DMA_Init)
    i.HAL_DMA_Start_IT                       0x08001bbc   Section        0  stm32f1xx_hal_dma.o(i.HAL_DMA_Start_IT)
    i.HAL_Delay                              0x08001c2c   Section        0  stm32f1xx_hal.o(i.HAL_Delay)
    i.HAL_GPIO_EXTI_Callback                 0x08001c50   Section        0  main.o(i.HAL_GPIO_EXTI_Callback)
    i.HAL_GPIO_EXTI_IRQHandler               0x08001d00   Section        0  stm32f1xx_hal_gpio.o(i.HAL_GPIO_EXTI_IRQHandler)
    i.HAL_GPIO_Init                          0x08001d18   Section        0  stm32f1xx_hal_gpio.o(i.HAL_GPIO_Init)
    i.HAL_GPIO_ReadPin                       0x08001f0c   Section        0  stm32f1xx_hal_gpio.o(i.HAL_GPIO_ReadPin)
    i.HAL_GPIO_TogglePin                     0x08001f16   Section        0  stm32f1xx_hal_gpio.o(i.HAL_GPIO_TogglePin)
    i.HAL_GPIO_WritePin                      0x08001f1e   Section        0  stm32f1xx_hal_gpio.o(i.HAL_GPIO_WritePin)
    i.HAL_GetTick                            0x08001f28   Section        0  stm32f1xx_hal.o(i.HAL_GetTick)
    i.HAL_IncTick                            0x08001f34   Section        0  stm32f1xx_hal.o(i.HAL_IncTick)
    i.HAL_Init                               0x08001f44   Section        0  stm32f1xx_hal.o(i.HAL_Init)
    i.HAL_InitTick                           0x08001f68   Section        0  stm32f1xx_hal.o(i.HAL_InitTick)
    i.HAL_MspInit                            0x08001fa8   Section        0  stm32f1xx_hal_msp.o(i.HAL_MspInit)
    i.HAL_NVIC_EnableIRQ                     0x08002028   Section        0  stm32f1xx_hal_cortex.o(i.HAL_NVIC_EnableIRQ)
    i.HAL_NVIC_SetPriority                   0x08002040   Section        0  stm32f1xx_hal_cortex.o(i.HAL_NVIC_SetPriority)
    i.HAL_NVIC_SetPriorityGrouping           0x08002080   Section        0  stm32f1xx_hal_cortex.o(i.HAL_NVIC_SetPriorityGrouping)
    i.HAL_RCCEx_PeriphCLKConfig              0x080020a4   Section        0  stm32f1xx_hal_rcc_ex.o(i.HAL_RCCEx_PeriphCLKConfig)
    i.HAL_RCC_ClockConfig                    0x08002194   Section        0  stm32f1xx_hal_rcc.o(i.HAL_RCC_ClockConfig)
    i.HAL_RCC_GetHCLKFreq                    0x080022e8   Section        0  stm32f1xx_hal_rcc.o(i.HAL_RCC_GetHCLKFreq)
    i.HAL_RCC_GetPCLK1Freq                   0x080022f4   Section        0  stm32f1xx_hal_rcc.o(i.HAL_RCC_GetPCLK1Freq)
    i.HAL_RCC_GetPCLK2Freq                   0x08002314   Section        0  stm32f1xx_hal_rcc.o(i.HAL_RCC_GetPCLK2Freq)
    i.HAL_RCC_GetSysClockFreq                0x08002334   Section        0  stm32f1xx_hal_rcc.o(i.HAL_RCC_GetSysClockFreq)
    i.HAL_RCC_OscConfig                      0x080023a8   Section        0  stm32f1xx_hal_rcc.o(i.HAL_RCC_OscConfig)
    i.HAL_SYSTICK_CLKSourceConfig            0x080026b4   Section        0  stm32f1xx_hal_cortex.o(i.HAL_SYSTICK_CLKSourceConfig)
    i.HAL_SYSTICK_Callback                   0x080026cc   Section        0  stm32f1xx_hal_cortex.o(i.HAL_SYSTICK_Callback)
    i.HAL_SYSTICK_Config                     0x080026ce   Section        0  stm32f1xx_hal_cortex.o(i.HAL_SYSTICK_Config)
    i.HAL_SYSTICK_IRQHandler                 0x080026f6   Section        0  stm32f1xx_hal_cortex.o(i.HAL_SYSTICK_IRQHandler)
    i.HAL_TIMEx_BreakCallback                0x080026fe   Section        0  stm32f1xx_hal_tim_ex.o(i.HAL_TIMEx_BreakCallback)
    i.HAL_TIMEx_CommutationCallback          0x08002700   Section        0  stm32f1xx_hal_tim_ex.o(i.HAL_TIMEx_CommutationCallback)
    i.HAL_TIMEx_MasterConfigSynchronization  0x08002702   Section        0  stm32f1xx_hal_tim_ex.o(i.HAL_TIMEx_MasterConfigSynchronization)
    i.HAL_TIM_Base_Init                      0x08002752   Section        0  stm32f1xx_hal_tim.o(i.HAL_TIM_Base_Init)
    i.HAL_TIM_Base_MspInit                   0x08002788   Section        0  tim.o(i.HAL_TIM_Base_MspInit)
    i.HAL_TIM_Base_Start_IT                  0x080027ac   Section        0  stm32f1xx_hal_tim.o(i.HAL_TIM_Base_Start_IT)
    i.HAL_TIM_ConfigClockSource              0x080027c4   Section        0  stm32f1xx_hal_tim.o(i.HAL_TIM_ConfigClockSource)
    i.HAL_TIM_IC_CaptureCallback             0x080028b4   Section        0  stm32f1xx_hal_tim.o(i.HAL_TIM_IC_CaptureCallback)
    i.HAL_TIM_IRQHandler                     0x080028b6   Section        0  stm32f1xx_hal_tim.o(i.HAL_TIM_IRQHandler)
    i.HAL_TIM_OC_DelayElapsedCallback        0x08002a1c   Section        0  stm32f1xx_hal_tim.o(i.HAL_TIM_OC_DelayElapsedCallback)
    i.HAL_TIM_PWM_PulseFinishedCallback      0x08002a1e   Section        0  stm32f1xx_hal_tim.o(i.HAL_TIM_PWM_PulseFinishedCallback)
    i.HAL_TIM_PeriodElapsedCallback          0x08002a20   Section        0  main.o(i.HAL_TIM_PeriodElapsedCallback)
    i.HAL_TIM_TriggerCallback                0x08002cb8   Section        0  stm32f1xx_hal_tim.o(i.HAL_TIM_TriggerCallback)
    i.HAL_UART_DMAStop                       0x08002cba   Section        0  stm32f1xx_hal_uart.o(i.HAL_UART_DMAStop)
    i.HAL_UART_ErrorCallback                 0x08002d12   Section        0  stm32f1xx_hal_uart.o(i.HAL_UART_ErrorCallback)
    i.HAL_UART_IRQHandler                    0x08002d14   Section        0  stm32f1xx_hal_uart.o(i.HAL_UART_IRQHandler)
    i.HAL_UART_Init                          0x08002e24   Section        0  stm32f1xx_hal_uart.o(i.HAL_UART_Init)
    i.HAL_UART_MspInit                       0x08002e88   Section        0  usart.o(i.HAL_UART_MspInit)
    i.HAL_UART_Receive_DMA                   0x08002f50   Section        0  stm32f1xx_hal_uart.o(i.HAL_UART_Receive_DMA)
    i.HAL_UART_RxCpltCallback                0x08002fe8   Section        0  stm32f1xx_hal_uart.o(i.HAL_UART_RxCpltCallback)
    i.HAL_UART_RxHalfCpltCallback            0x08002fea   Section        0  stm32f1xx_hal_uart.o(i.HAL_UART_RxHalfCpltCallback)
    i.HAL_UART_Transmit                      0x08002fec   Section        0  stm32f1xx_hal_uart.o(i.HAL_UART_Transmit)
    i.HAL_UART_Transmit_IT                   0x080030a6   Section        0  stm32f1xx_hal_uart.o(i.HAL_UART_Transmit_IT)
    i.HAL_UART_TxCpltCallback                0x080030e4   Section        0  stm32f1xx_hal_uart.o(i.HAL_UART_TxCpltCallback)
    i.HardFault_Handler                      0x080030e6   Section        0  stm32f1xx_it.o(i.HardFault_Handler)
    i.Light                                  0x080030e8   Section        0  gpio.o(i.Light)
    i.MX_ADC1_Init                           0x080031f0   Section        0  adc.o(i.MX_ADC1_Init)
    i.MX_ADC3_Init                           0x08003274   Section        0  adc.o(i.MX_ADC3_Init)
    i.MX_DAC_Init                            0x080032f0   Section        0  dac.o(i.MX_DAC_Init)
    i.MX_DMA_Init                            0x08003354   Section        0  dma.o(i.MX_DMA_Init)
    i.MX_GPIO_Init                           0x080033a0   Section        0  gpio.o(i.MX_GPIO_Init)
    i.MX_TIM2_Init                           0x080034ac   Section        0  tim.o(i.MX_TIM2_Init)
    i.MX_USART1_UART_Init                    0x08003524   Section        0  usart.o(i.MX_USART1_UART_Init)
    i.MemManage_Handler                      0x08003570   Section        0  stm32f1xx_it.o(i.MemManage_Handler)
    i.NMI_Handler                            0x08003572   Section        0  stm32f1xx_it.o(i.NMI_Handler)
    i.NVIC_SetPriority                       0x08003574   Section        0  stm32f1xx_hal_cortex.o(i.NVIC_SetPriority)
    NVIC_SetPriority                         0x08003575   Thumb Code    22  stm32f1xx_hal_cortex.o(i.NVIC_SetPriority)
    i.PendSV_Handler                         0x08003594   Section        0  stm32f1xx_it.o(i.PendSV_Handler)
    i.SVC_Handler                            0x08003596   Section        0  stm32f1xx_it.o(i.SVC_Handler)
    i.SysTick_Handler                        0x08003598   Section        0  stm32f1xx_it.o(i.SysTick_Handler)
    i.SystemClock_Config                     0x080035a6   Section        0  main.o(i.SystemClock_Config)
    i.SystemInit                             0x08003620   Section        0  system_stm32f1xx.o(i.SystemInit)
    i.TIM2_IRQHandler                        0x08003668   Section        0  stm32f1xx_it.o(i.TIM2_IRQHandler)
    i.TIM_Base_SetConfig                     0x08003674   Section        0  stm32f1xx_hal_tim.o(i.TIM_Base_SetConfig)
    i.TIM_ETR_SetConfig                      0x08003700   Section        0  stm32f1xx_hal_tim.o(i.TIM_ETR_SetConfig)
    TIM_ETR_SetConfig                        0x08003701   Thumb Code    20  stm32f1xx_hal_tim.o(i.TIM_ETR_SetConfig)
    i.TIM_ITRx_SetConfig                     0x08003714   Section        0  stm32f1xx_hal_tim.o(i.TIM_ITRx_SetConfig)
    TIM_ITRx_SetConfig                       0x08003715   Thumb Code    16  stm32f1xx_hal_tim.o(i.TIM_ITRx_SetConfig)
    i.TIM_TI1_ConfigInputStage               0x08003724   Section        0  stm32f1xx_hal_tim.o(i.TIM_TI1_ConfigInputStage)
    TIM_TI1_ConfigInputStage                 0x08003725   Thumb Code    34  stm32f1xx_hal_tim.o(i.TIM_TI1_ConfigInputStage)
    i.TIM_TI2_ConfigInputStage               0x08003746   Section        0  stm32f1xx_hal_tim.o(i.TIM_TI2_ConfigInputStage)
    TIM_TI2_ConfigInputStage                 0x08003747   Thumb Code    36  stm32f1xx_hal_tim.o(i.TIM_TI2_ConfigInputStage)
    i.UART_DMAAbortOnError                   0x0800376a   Section        0  stm32f1xx_hal_uart.o(i.UART_DMAAbortOnError)
    UART_DMAAbortOnError                     0x0800376b   Thumb Code    16  stm32f1xx_hal_uart.o(i.UART_DMAAbortOnError)
    i.UART_DMAError                          0x0800377a   Section        0  stm32f1xx_hal_uart.o(i.UART_DMAError)
    UART_DMAError                            0x0800377b   Thumb Code    74  stm32f1xx_hal_uart.o(i.UART_DMAError)
    i.UART_DMAReceiveCplt                    0x080037c4   Section        0  stm32f1xx_hal_uart.o(i.UART_DMAReceiveCplt)
    UART_DMAReceiveCplt                      0x080037c5   Thumb Code    60  stm32f1xx_hal_uart.o(i.UART_DMAReceiveCplt)
    i.UART_DMARxHalfCplt                     0x08003800   Section        0  stm32f1xx_hal_uart.o(i.UART_DMARxHalfCplt)
    UART_DMARxHalfCplt                       0x08003801   Thumb Code    10  stm32f1xx_hal_uart.o(i.UART_DMARxHalfCplt)
    i.UART_EndRxTransfer                     0x0800380a   Section        0  stm32f1xx_hal_uart.o(i.UART_EndRxTransfer)
    UART_EndRxTransfer                       0x0800380b   Thumb Code    28  stm32f1xx_hal_uart.o(i.UART_EndRxTransfer)
    i.UART_EndTxTransfer                     0x08003826   Section        0  stm32f1xx_hal_uart.o(i.UART_EndTxTransfer)
    UART_EndTxTransfer                       0x08003827   Thumb Code    18  stm32f1xx_hal_uart.o(i.UART_EndTxTransfer)
    i.UART_Receive_IT                        0x08003838   Section        0  stm32f1xx_hal_uart.o(i.UART_Receive_IT)
    UART_Receive_IT                          0x08003839   Thumb Code   150  stm32f1xx_hal_uart.o(i.UART_Receive_IT)
    i.UART_SetConfig                         0x080038d0   Section        0  stm32f1xx_hal_uart.o(i.UART_SetConfig)
    UART_SetConfig                           0x080038d1   Thumb Code   364  stm32f1xx_hal_uart.o(i.UART_SetConfig)
    i.UART_Transmit_IT                       0x08003a40   Section        0  stm32f1xx_hal_uart.o(i.UART_Transmit_IT)
    UART_Transmit_IT                         0x08003a41   Thumb Code    98  stm32f1xx_hal_uart.o(i.UART_Transmit_IT)
    i.UART_WaitOnFlagUntilTimeout            0x08003aa2   Section        0  stm32f1xx_hal_uart.o(i.UART_WaitOnFlagUntilTimeout)
    UART_WaitOnFlagUntilTimeout              0x08003aa3   Thumb Code   100  stm32f1xx_hal_uart.o(i.UART_WaitOnFlagUntilTimeout)
    i.USART1_IRQHandler                      0x08003b08   Section        0  stm32f1xx_it.o(i.USART1_IRQHandler)
    i.UsageFault_Handler                     0x08003b44   Section        0  stm32f1xx_it.o(i.UsageFault_Handler)
    i._Error_Handler                         0x08003b46   Section        0  main.o(i._Error_Handler)
    i.__ARM_fpclassify                       0x08003b48   Section        0  fpclassify.o(i.__ARM_fpclassify)
    i.__kernel_poly                          0x08003b70   Section        0  poly.o(i.__kernel_poly)
    i.__mathlib_dbl_underflow                0x08003c1c   Section        0  dunder.o(i.__mathlib_dbl_underflow)
    i.__read_errno                           0x08003c2c   Section        0  errno.o(i.__read_errno)
    i.__scatterload_copy                     0x08003c38   Section       14  handlers.o(i.__scatterload_copy)
    i.__scatterload_null                     0x08003c46   Section        2  handlers.o(i.__scatterload_null)
    i.__scatterload_zeroinit                 0x08003c48   Section       14  handlers.o(i.__scatterload_zeroinit)
    i.__set_errno                            0x08003c58   Section        0  errno.o(i.__set_errno)
    i._is_digit                              0x08003c64   Section        0  scanf_fp.o(i._is_digit)
    i.atof                                   0x08003c72   Section        0  atof.o(i.atof)
    i.delay_us                               0x08003c9c   Section        0  ds18b20.o(i.delay_us)
    i.ecvt                                   0x08003ca8   Section        0  main.o(i.ecvt)
    i.init_x9312                             0x08003d74   Section        0  x9312.o(i.init_x9312)
    i.light_number                           0x08003db8   Section        0  main.o(i.light_number)
    i.main                                   0x08003ec4   Section        0  main.o(i.main)
    i.pow                                    0x08004044   Section        0  pow.o(i.pow)
    i.set_PWM_R                              0x08004a24   Section        0  x9312.o(i.set_PWM_R)
    i.set_dac_value                          0x08004aa0   Section        0  main.o(i.set_dac_value)
    i.sqrt                                   0x08004b4c   Section        0  sqrt.o(i.sqrt)
    i.uartdamget                             0x08004b98   Section        0  main.o(i.uartdamget)
    .constdata                               0x08004c24   Section       16  system_stm32f1xx.o(.constdata)
    .constdata                               0x08004c34   Section        8  system_stm32f1xx.o(.constdata)
    .constdata                               0x08004c40   Section      136  pow.o(.constdata)
    bp                                       0x08004c40   Data          16  pow.o(.constdata)
    dp_h                                     0x08004c50   Data          16  pow.o(.constdata)
    dp_l                                     0x08004c60   Data          16  pow.o(.constdata)
    L                                        0x08004c70   Data          48  pow.o(.constdata)
    P                                        0x08004ca0   Data          40  pow.o(.constdata)
    .constdata                               0x08004cc8   Section        8  qnan.o(.constdata)
    .constdata                               0x08004cd0   Section       64  ctype_c.o(.constdata)
    .data                                    0x20000000   Section       12  stm32f1xx_hal.o(.data)
    .data                                    0x20000010   Section      246  main.o(.data)
    .data                                    0x20000108   Section        4  system_stm32f1xx.o(.data)
    .data                                    0x2000010c   Section        4  errno.o(.data)
    _errno                                   0x2000010c   Data           4  errno.o(.data)
    .bss                                     0x20000110   Section      620  main.o(.bss)
    .bss                                     0x2000037c   Section      200  usart.o(.bss)
    .bss                                     0x20000444   Section       64  tim.o(.bss)
    .bss                                     0x20000484   Section       20  dac.o(.bss)
    .bss                                     0x20000498   Section      232  adc.o(.bss)
    STACK                                    0x20000580   Section     1024  startup_stm32f103xe.o(STACK)

    Global Symbols

    Symbol Name                              Value     Ov Type        Size  Object(Section)

    BuildAttributes$$THM_ISAv4$P$D$K$B$S$PE$A:L22UL41UL21$X:L11$S22US41US21$IEEE1$IW$USESV6$~STKCKD$USESV7$~SHL$OTIME$ROPI$IEEEX$EBA8$MICROLIB$REQ8$PRES8$EABIv2 0x00000000   Number         0  anon$$obj.o ABSOLUTE
    __ARM_use_no_argv                        0x00000000   Number         0  main.o ABSOLUTE
    __cpp_initialize__aeabi_                  - Undefined Weak Reference
    __cxa_finalize                            - Undefined Weak Reference
    __decompress                              - Undefined Weak Reference
    _clock_init                               - Undefined Weak Reference
    _microlib_exit                            - Undefined Weak Reference
    __Vectors_Size                           0x00000130   Number         0  startup_stm32f103xe.o ABSOLUTE
    __Vectors                                0x08000000   Data           4  startup_stm32f103xe.o(RESET)
    __Vectors_End                            0x08000130   Data           0  startup_stm32f103xe.o(RESET)
    __main                                   0x08000131   Thumb Code     0  entry.o(.ARM.Collect$$$$00000000)
    _main_stk                                0x08000131   Thumb Code     0  entry2.o(.ARM.Collect$$$$00000001)
    _main_scatterload                        0x08000135   Thumb Code     0  entry5.o(.ARM.Collect$$$$00000004)
    __main_after_scatterload                 0x08000139   Thumb Code     0  entry5.o(.ARM.Collect$$$$00000004)
    _main_clock                              0x08000139   Thumb Code     0  entry7b.o(.ARM.Collect$$$$00000008)
    _main_cpp_init                           0x08000139   Thumb Code     0  entry8b.o(.ARM.Collect$$$$0000000A)
    _main_init                               0x08000139   Thumb Code     0  entry9a.o(.ARM.Collect$$$$0000000B)
    __rt_final_cpp                           0x08000141   Thumb Code     0  entry10a.o(.ARM.Collect$$$$0000000D)
    __rt_final_exit                          0x08000141   Thumb Code     0  entry11a.o(.ARM.Collect$$$$0000000F)
    Reset_Handler                            0x08000145   Thumb Code     8  startup_stm32f103xe.o(.text)
    ADC1_2_IRQHandler                        0x0800015f   Thumb Code     0  startup_stm32f103xe.o(.text)
    ADC3_IRQHandler                          0x0800015f   Thumb Code     0  startup_stm32f103xe.o(.text)
    CAN1_RX1_IRQHandler                      0x0800015f   Thumb Code     0  startup_stm32f103xe.o(.text)
    CAN1_SCE_IRQHandler                      0x0800015f   Thumb Code     0  startup_stm32f103xe.o(.text)
    DMA1_Channel2_IRQHandler                 0x0800015f   Thumb Code     0  startup_stm32f103xe.o(.text)
    DMA1_Channel3_IRQHandler                 0x0800015f   Thumb Code     0  startup_stm32f103xe.o(.text)
    DMA1_Channel6_IRQHandler                 0x0800015f   Thumb Code     0  startup_stm32f103xe.o(.text)
    DMA1_Channel7_IRQHandler                 0x0800015f   Thumb Code     0  startup_stm32f103xe.o(.text)
    DMA2_Channel1_IRQHandler                 0x0800015f   Thumb Code     0  startup_stm32f103xe.o(.text)
    DMA2_Channel2_IRQHandler                 0x0800015f   Thumb Code     0  startup_stm32f103xe.o(.text)
    DMA2_Channel3_IRQHandler                 0x0800015f   Thumb Code     0  startup_stm32f103xe.o(.text)
    EXTI0_IRQHandler                         0x0800015f   Thumb Code     0  startup_stm32f103xe.o(.text)
    EXTI1_IRQHandler                         0x0800015f   Thumb Code     0  startup_stm32f103xe.o(.text)
    EXTI2_IRQHandler                         0x0800015f   Thumb Code     0  startup_stm32f103xe.o(.text)
    EXTI3_IRQHandler                         0x0800015f   Thumb Code     0  startup_stm32f103xe.o(.text)
    EXTI4_IRQHandler                         0x0800015f   Thumb Code     0  startup_stm32f103xe.o(.text)
    EXTI9_5_IRQHandler                       0x0800015f   Thumb Code     0  startup_stm32f103xe.o(.text)
    FLASH_IRQHandler                         0x0800015f   Thumb Code     0  startup_stm32f103xe.o(.text)
    FSMC_IRQHandler                          0x0800015f   Thumb Code     0  startup_stm32f103xe.o(.text)
    I2C1_ER_IRQHandler                       0x0800015f   Thumb Code     0  startup_stm32f103xe.o(.text)
    I2C1_EV_IRQHandler                       0x0800015f   Thumb Code     0  startup_stm32f103xe.o(.text)
    I2C2_ER_IRQHandler                       0x0800015f   Thumb Code     0  startup_stm32f103xe.o(.text)
    I2C2_EV_IRQHandler                       0x0800015f   Thumb Code     0  startup_stm32f103xe.o(.text)
    PVD_IRQHandler                           0x0800015f   Thumb Code     0  startup_stm32f103xe.o(.text)
    RCC_IRQHandler                           0x0800015f   Thumb Code     0  startup_stm32f103xe.o(.text)
    RTC_Alarm_IRQHandler                     0x0800015f   Thumb Code     0  startup_stm32f103xe.o(.text)
    RTC_IRQHandler                           0x0800015f   Thumb Code     0  startup_stm32f103xe.o(.text)
    SDIO_IRQHandler                          0x0800015f   Thumb Code     0  startup_stm32f103xe.o(.text)
    SPI1_IRQHandler                          0x0800015f   Thumb Code     0  startup_stm32f103xe.o(.text)
    SPI2_IRQHandler                          0x0800015f   Thumb Code     0  startup_stm32f103xe.o(.text)
    SPI3_IRQHandler                          0x0800015f   Thumb Code     0  startup_stm32f103xe.o(.text)
    TAMPER_IRQHandler                        0x0800015f   Thumb Code     0  startup_stm32f103xe.o(.text)
    TIM1_BRK_IRQHandler                      0x0800015f   Thumb Code     0  startup_stm32f103xe.o(.text)
    TIM1_CC_IRQHandler                       0x0800015f   Thumb Code     0  startup_stm32f103xe.o(.text)
    TIM1_TRG_COM_IRQHandler                  0x0800015f   Thumb Code     0  startup_stm32f103xe.o(.text)
    TIM1_UP_IRQHandler                       0x0800015f   Thumb Code     0  startup_stm32f103xe.o(.text)
    TIM3_IRQHandler                          0x0800015f   Thumb Code     0  startup_stm32f103xe.o(.text)
    TIM4_IRQHandler                          0x0800015f   Thumb Code     0  startup_stm32f103xe.o(.text)
    TIM5_IRQHandler                          0x0800015f   Thumb Code     0  startup_stm32f103xe.o(.text)
    TIM6_IRQHandler                          0x0800015f   Thumb Code     0  startup_stm32f103xe.o(.text)
    TIM7_IRQHandler                          0x0800015f   Thumb Code     0  startup_stm32f103xe.o(.text)
    TIM8_BRK_IRQHandler                      0x0800015f   Thumb Code     0  startup_stm32f103xe.o(.text)
    TIM8_CC_IRQHandler                       0x0800015f   Thumb Code     0  startup_stm32f103xe.o(.text)
    TIM8_TRG_COM_IRQHandler                  0x0800015f   Thumb Code     0  startup_stm32f103xe.o(.text)
    TIM8_UP_IRQHandler                       0x0800015f   Thumb Code     0  startup_stm32f103xe.o(.text)
    UART4_IRQHandler                         0x0800015f   Thumb Code     0  startup_stm32f103xe.o(.text)
    UART5_IRQHandler                         0x0800015f   Thumb Code     0  startup_stm32f103xe.o(.text)
    USART2_IRQHandler                        0x0800015f   Thumb Code     0  startup_stm32f103xe.o(.text)
    USART3_IRQHandler                        0x0800015f   Thumb Code     0  startup_stm32f103xe.o(.text)
    USBWakeUp_IRQHandler                     0x0800015f   Thumb Code     0  startup_stm32f103xe.o(.text)
    USB_HP_CAN1_TX_IRQHandler                0x0800015f   Thumb Code     0  startup_stm32f103xe.o(.text)
    USB_LP_CAN1_RX0_IRQHandler               0x0800015f   Thumb Code     0  startup_stm32f103xe.o(.text)
    WWDG_IRQHandler                          0x0800015f   Thumb Code     0  startup_stm32f103xe.o(.text)
    __aeabi_llsr                             0x08000169   Thumb Code    32  llushr.o(.text)
    _ll_ushift_r                             0x08000169   Thumb Code     0  llushr.o(.text)
    __aeabi_memset                           0x08000189   Thumb Code    14  memseta.o(.text)
    __aeabi_memset4                          0x08000189   Thumb Code     0  memseta.o(.text)
    __aeabi_memset8                          0x08000189   Thumb Code     0  memseta.o(.text)
    __aeabi_memclr                           0x08000197   Thumb Code     4  memseta.o(.text)
    __aeabi_memclr4                          0x08000197   Thumb Code     0  memseta.o(.text)
    __aeabi_memclr8                          0x08000197   Thumb Code     0  memseta.o(.text)
    _memset$wrapper                          0x0800019b   Thumb Code    18  memseta.o(.text)
    __aeabi_dadd                             0x080001ad   Thumb Code   322  dadd.o(.text)
    __aeabi_dsub                             0x080002ef   Thumb Code     6  dadd.o(.text)
    __aeabi_drsub                            0x080002f5   Thumb Code     6  dadd.o(.text)
    __aeabi_dmul                             0x080002fb   Thumb Code   228  dmul.o(.text)
    __aeabi_ddiv                             0x080003df   Thumb Code   222  ddiv.o(.text)
    __ARM_scalbn                             0x080004bd   Thumb Code    46  dscalb.o(.text)
    scalbn                                   0x080004bd   Thumb Code     0  dscalb.o(.text)
    __aeabi_i2d                              0x080004eb   Thumb Code    34  dflti.o(.text)
    __aeabi_ui2d                             0x0800050d   Thumb Code    26  dfltui.o(.text)
    __aeabi_d2iz                             0x08000527   Thumb Code    62  dfixi.o(.text)
    __aeabi_f2d                              0x08000565   Thumb Code    38  f2d.o(.text)
    __aeabi_cdcmpeq                          0x0800058d   Thumb Code     0  cdcmple.o(.text)
    __aeabi_cdcmple                          0x0800058d   Thumb Code    38  cdcmple.o(.text)
    __aeabi_cdrcmple                         0x080005b5   Thumb Code    38  cdrcmple.o(.text)
    __aeabi_d2f                              0x080005dd   Thumb Code    56  d2f.o(.text)
    __aeabi_llsl                             0x08000615   Thumb Code    30  llshl.o(.text)
    _ll_shift_l                              0x08000615   Thumb Code     0  llshl.o(.text)
    __aeabi_lasr                             0x08000633   Thumb Code    36  llsshr.o(.text)
    _ll_sshift_r                             0x08000633   Thumb Code     0  llsshr.o(.text)
    __strtod_int                             0x0800068f   Thumb Code    88  strtod.o(.text)
    __I$use$fp                               0x080006f5   Thumb Code     0  iusefp.o(.text)
    _float_round                             0x080006f5   Thumb Code    18  fepilogue.o(.text)
    _float_epilogue                          0x08000707   Thumb Code    90  fepilogue.o(.text)
    _double_round                            0x08000761   Thumb Code    26  depilogue.o(.text)
    _double_epilogue                         0x0800077b   Thumb Code   164  depilogue.o(.text)
    __scatterload                            0x08000821   Thumb Code    28  init.o(.text)
    __scatterload_rt2                        0x08000821   Thumb Code     0  init.o(.text)
    isspace                                  0x08000845   Thumb Code    10  isspace_c.o(.text)
    _scanf_real                              0x08000951   Thumb Code     0  scanf_fp.o(.text)
    _scanf_really_real                       0x08000951   Thumb Code   560  scanf_fp.o(.text)
    _sgetc                                   0x08000b8d   Thumb Code    30  _sgetc.o(.text)
    _sbackspace                              0x08000bab   Thumb Code    34  _sgetc.o(.text)
    _dsqrt                                   0x08000bcd   Thumb Code   162  dsqrt.o(.text)
    __ctype_lookup                           0x08000c71   Thumb Code    34  ctype_c.o(.text)
    __aeabi_ul2d                             0x08000c99   Thumb Code    24  dfltul.o(.text)
    ADC_ConversionStop_Disable               0x08000cb1   Thumb Code    76  stm32f1xx_hal_adc.o(i.ADC_ConversionStop_Disable)
    ADC_DMAConvCplt                          0x08000cfd   Thumb Code    78  stm32f1xx_hal_adc.o(i.ADC_DMAConvCplt)
    ADC_DMAError                             0x08000d4b   Thumb Code    26  stm32f1xx_hal_adc.o(i.ADC_DMAError)
    ADC_DMAHalfConvCplt                      0x08000d65   Thumb Code    10  stm32f1xx_hal_adc.o(i.ADC_DMAHalfConvCplt)
    ADC_Enable                               0x08000d71   Thumb Code   104  stm32f1xx_hal_adc.o(i.ADC_Enable)
    BusFault_Handler                         0x08000de1   Thumb Code     2  stm32f1xx_it.o(i.BusFault_Handler)
    DMA1_Channel1_IRQHandler                 0x08000de5   Thumb Code     6  stm32f1xx_it.o(i.DMA1_Channel1_IRQHandler)
    DMA1_Channel4_IRQHandler                 0x08000df1   Thumb Code     6  stm32f1xx_it.o(i.DMA1_Channel4_IRQHandler)
    DMA1_Channel5_IRQHandler                 0x08000dfd   Thumb Code     6  stm32f1xx_it.o(i.DMA1_Channel5_IRQHandler)
    DMA2_Channel4_5_IRQHandler               0x08000e09   Thumb Code     6  stm32f1xx_it.o(i.DMA2_Channel4_5_IRQHandler)
    DS18B20_Check                            0x08000e41   Thumb Code    80  ds18b20.o(i.DS18B20_Check)
    DS18B20_Get_Temp                         0x08000e95   Thumb Code   108  ds18b20.o(i.DS18B20_Get_Temp)
    DS18B20_Init                             0x08000f09   Thumb Code    48  ds18b20.o(i.DS18B20_Init)
    DS18B20_Read_Bit                         0x08000f3d   Thumb Code    62  ds18b20.o(i.DS18B20_Read_Bit)
    DS18B20_Read_Byte                        0x08000f81   Thumb Code    32  ds18b20.o(i.DS18B20_Read_Byte)
    DS18B20_Rst                              0x08000fa1   Thumb Code    42  ds18b20.o(i.DS18B20_Rst)
    DS18B20_Start                            0x08000fd1   Thumb Code    26  ds18b20.o(i.DS18B20_Start)
    DS18B20_Write_Byte                       0x08000fed   Thumb Code    88  ds18b20.o(i.DS18B20_Write_Byte)
    DebugMon_Handler                         0x08001049   Thumb Code     2  stm32f1xx_it.o(i.DebugMon_Handler)
    EXTI15_10_IRQHandler                     0x0800104b   Thumb Code    30  stm32f1xx_it.o(i.EXTI15_10_IRQHandler)
    HAL_ADCEx_InjectedConfigChannel          0x08001069   Thumb Code   478  stm32f1xx_hal_adc_ex.o(i.HAL_ADCEx_InjectedConfigChannel)
    HAL_ADC_ConfigChannel                    0x08001259   Thumb Code   240  stm32f1xx_hal_adc.o(i.HAL_ADC_ConfigChannel)
    HAL_ADC_ConvCpltCallback                 0x08001355   Thumb Code     2  stm32f1xx_hal_adc.o(i.HAL_ADC_ConvCpltCallback)
    HAL_ADC_ConvHalfCpltCallback             0x08001357   Thumb Code     2  stm32f1xx_hal_adc.o(i.HAL_ADC_ConvHalfCpltCallback)
    HAL_ADC_ErrorCallback                    0x08001359   Thumb Code     2  stm32f1xx_hal_adc.o(i.HAL_ADC_ErrorCallback)
    HAL_ADC_Init                             0x0800135d   Thumb Code   276  stm32f1xx_hal_adc.o(i.HAL_ADC_Init)
    HAL_ADC_MspInit                          0x08001481   Thumb Code   180  adc.o(i.HAL_ADC_MspInit)
    HAL_ADC_Start_DMA                        0x08001565   Thumb Code   246  stm32f1xx_hal_adc.o(i.HAL_ADC_Start_DMA)
    HAL_DAC_ConfigChannel                    0x08001671   Thumb Code    66  stm32f1xx_hal_dac.o(i.HAL_DAC_ConfigChannel)
    HAL_DAC_Init                             0x080016b3   Thumb Code    40  stm32f1xx_hal_dac.o(i.HAL_DAC_Init)
    HAL_DAC_MspInit                          0x080016dd   Thumb Code    50  dac.o(i.HAL_DAC_MspInit)
    HAL_DAC_SetValue                         0x0800171d   Thumb Code    26  stm32f1xx_hal_dac.o(i.HAL_DAC_SetValue)
    HAL_DAC_Start                            0x08001737   Thumb Code    84  stm32f1xx_hal_dac.o(i.HAL_DAC_Start)
    HAL_DMA_Abort                            0x0800178b   Thumb Code    48  stm32f1xx_hal_dma.o(i.HAL_DMA_Abort)
    HAL_DMA_Abort_IT                         0x080017bd   Thumb Code   296  stm32f1xx_hal_dma.o(i.HAL_DMA_Abort_IT)
    HAL_DMA_IRQHandler                       0x080018ed   Thumb Code   554  stm32f1xx_hal_dma.o(i.HAL_DMA_IRQHandler)
    HAL_DMA_Init                             0x08001b39   Thumb Code   120  stm32f1xx_hal_dma.o(i.HAL_DMA_Init)
    HAL_DMA_Start_IT                         0x08001bbd   Thumb Code   112  stm32f1xx_hal_dma.o(i.HAL_DMA_Start_IT)
    HAL_Delay                                0x08001c2d   Thumb Code    32  stm32f1xx_hal.o(i.HAL_Delay)
    HAL_GPIO_EXTI_Callback                   0x08001c51   Thumb Code   162  main.o(i.HAL_GPIO_EXTI_Callback)
    HAL_GPIO_EXTI_IRQHandler                 0x08001d01   Thumb Code    18  stm32f1xx_hal_gpio.o(i.HAL_GPIO_EXTI_IRQHandler)
    HAL_GPIO_Init                            0x08001d19   Thumb Code   454  stm32f1xx_hal_gpio.o(i.HAL_GPIO_Init)
    HAL_GPIO_ReadPin                         0x08001f0d   Thumb Code    10  stm32f1xx_hal_gpio.o(i.HAL_GPIO_ReadPin)
    HAL_GPIO_TogglePin                       0x08001f17   Thumb Code     8  stm32f1xx_hal_gpio.o(i.HAL_GPIO_TogglePin)
    HAL_GPIO_WritePin                        0x08001f1f   Thumb Code    10  stm32f1xx_hal_gpio.o(i.HAL_GPIO_WritePin)
    HAL_GetTick                              0x08001f29   Thumb Code     6  stm32f1xx_hal.o(i.HAL_GetTick)
    HAL_IncTick                              0x08001f35   Thumb Code    12  stm32f1xx_hal.o(i.HAL_IncTick)
    HAL_Init                                 0x08001f45   Thumb Code    32  stm32f1xx_hal.o(i.HAL_Init)
    HAL_InitTick                             0x08001f69   Thumb Code    54  stm32f1xx_hal.o(i.HAL_InitTick)
    HAL_MspInit                              0x08001fa9   Thumb Code   118  stm32f1xx_hal_msp.o(i.HAL_MspInit)
    HAL_NVIC_EnableIRQ                       0x08002029   Thumb Code    24  stm32f1xx_hal_cortex.o(i.HAL_NVIC_EnableIRQ)
    HAL_NVIC_SetPriority                     0x08002041   Thumb Code    60  stm32f1xx_hal_cortex.o(i.HAL_NVIC_SetPriority)
    HAL_NVIC_SetPriorityGrouping             0x08002081   Thumb Code    26  stm32f1xx_hal_cortex.o(i.HAL_NVIC_SetPriorityGrouping)
    HAL_RCCEx_PeriphCLKConfig                0x080020a5   Thumb Code   226  stm32f1xx_hal_rcc_ex.o(i.HAL_RCCEx_PeriphCLKConfig)
    HAL_RCC_ClockConfig                      0x08002195   Thumb Code   322  stm32f1xx_hal_rcc.o(i.HAL_RCC_ClockConfig)
    HAL_RCC_GetHCLKFreq                      0x080022e9   Thumb Code     6  stm32f1xx_hal_rcc.o(i.HAL_RCC_GetHCLKFreq)
    HAL_RCC_GetPCLK1Freq                     0x080022f5   Thumb Code    20  stm32f1xx_hal_rcc.o(i.HAL_RCC_GetPCLK1Freq)
    HAL_RCC_GetPCLK2Freq                     0x08002315   Thumb Code    20  stm32f1xx_hal_rcc.o(i.HAL_RCC_GetPCLK2Freq)
    HAL_RCC_GetSysClockFreq                  0x08002335   Thumb Code    84  stm32f1xx_hal_rcc.o(i.HAL_RCC_GetSysClockFreq)
    HAL_RCC_OscConfig                        0x080023a9   Thumb Code   758  stm32f1xx_hal_rcc.o(i.HAL_RCC_OscConfig)
    HAL_SYSTICK_CLKSourceConfig              0x080026b5   Thumb Code    24  stm32f1xx_hal_cortex.o(i.HAL_SYSTICK_CLKSourceConfig)
    HAL_SYSTICK_Callback                     0x080026cd   Thumb Code     2  stm32f1xx_hal_cortex.o(i.HAL_SYSTICK_Callback)
    HAL_SYSTICK_Config                       0x080026cf   Thumb Code    40  stm32f1xx_hal_cortex.o(i.HAL_SYSTICK_Config)
    HAL_SYSTICK_IRQHandler                   0x080026f7   Thumb Code     8  stm32f1xx_hal_cortex.o(i.HAL_SYSTICK_IRQHandler)
    HAL_TIMEx_BreakCallback                  0x080026ff   Thumb Code     2  stm32f1xx_hal_tim_ex.o(i.HAL_TIMEx_BreakCallback)
    HAL_TIMEx_CommutationCallback            0x08002701   Thumb Code     2  stm32f1xx_hal_tim_ex.o(i.HAL_TIMEx_CommutationCallback)
    HAL_TIMEx_MasterConfigSynchronization    0x08002703   Thumb Code    80  stm32f1xx_hal_tim_ex.o(i.HAL_TIMEx_MasterConfigSynchronization)
    HAL_TIM_Base_Init                        0x08002753   Thumb Code    54  stm32f1xx_hal_tim.o(i.HAL_TIM_Base_Init)
    HAL_TIM_Base_MspInit                     0x08002789   Thumb Code    30  tim.o(i.HAL_TIM_Base_MspInit)
    HAL_TIM_Base_Start_IT                    0x080027ad   Thumb Code    24  stm32f1xx_hal_tim.o(i.HAL_TIM_Base_Start_IT)
    HAL_TIM_ConfigClockSource                0x080027c5   Thumb Code   240  stm32f1xx_hal_tim.o(i.HAL_TIM_ConfigClockSource)
    HAL_TIM_IC_CaptureCallback               0x080028b5   Thumb Code     2  stm32f1xx_hal_tim.o(i.HAL_TIM_IC_CaptureCallback)
    HAL_TIM_IRQHandler                       0x080028b7   Thumb Code   358  stm32f1xx_hal_tim.o(i.HAL_TIM_IRQHandler)
    HAL_TIM_OC_DelayElapsedCallback          0x08002a1d   Thumb Code     2  stm32f1xx_hal_tim.o(i.HAL_TIM_OC_DelayElapsedCallback)
    HAL_TIM_PWM_PulseFinishedCallback        0x08002a1f   Thumb Code     2  stm32f1xx_hal_tim.o(i.HAL_TIM_PWM_PulseFinishedCallback)
    HAL_TIM_PeriodElapsedCallback            0x08002a21   Thumb Code   602  main.o(i.HAL_TIM_PeriodElapsedCallback)
    HAL_TIM_TriggerCallback                  0x08002cb9   Thumb Code     2  stm32f1xx_hal_tim.o(i.HAL_TIM_TriggerCallback)
    HAL_UART_DMAStop                         0x08002cbb   Thumb Code    88  stm32f1xx_hal_uart.o(i.HAL_UART_DMAStop)
    HAL_UART_ErrorCallback                   0x08002d13   Thumb Code     2  stm32f1xx_hal_uart.o(i.HAL_UART_ErrorCallback)
    HAL_UART_IRQHandler                      0x08002d15   Thumb Code   266  stm32f1xx_hal_uart.o(i.HAL_UART_IRQHandler)
    HAL_UART_Init                            0x08002e25   Thumb Code    98  stm32f1xx_hal_uart.o(i.HAL_UART_Init)
    HAL_UART_MspInit                         0x08002e89   Thumb Code   164  usart.o(i.HAL_UART_MspInit)
    HAL_UART_Receive_DMA                     0x08002f51   Thumb Code   138  stm32f1xx_hal_uart.o(i.HAL_UART_Receive_DMA)
    HAL_UART_RxCpltCallback                  0x08002fe9   Thumb Code     2  stm32f1xx_hal_uart.o(i.HAL_UART_RxCpltCallback)
    HAL_UART_RxHalfCpltCallback              0x08002feb   Thumb Code     2  stm32f1xx_hal_uart.o(i.HAL_UART_RxHalfCpltCallback)
    HAL_UART_Transmit                        0x08002fed   Thumb Code   186  stm32f1xx_hal_uart.o(i.HAL_UART_Transmit)
    HAL_UART_Transmit_IT                     0x080030a7   Thumb Code    62  stm32f1xx_hal_uart.o(i.HAL_UART_Transmit_IT)
    HAL_UART_TxCpltCallback                  0x080030e5   Thumb Code     2  stm32f1xx_hal_uart.o(i.HAL_UART_TxCpltCallback)
    HardFault_Handler                        0x080030e7   Thumb Code     2  stm32f1xx_it.o(i.HardFault_Handler)
    Light                                    0x080030e9   Thumb Code   256  gpio.o(i.Light)
    MX_ADC1_Init                             0x080031f1   Thumb Code   108  adc.o(i.MX_ADC1_Init)
    MX_ADC3_Init                             0x08003275   Thumb Code   100  adc.o(i.MX_ADC3_Init)
    MX_DAC_Init                              0x080032f1   Thumb Code    74  dac.o(i.MX_DAC_Init)
    MX_DMA_Init                              0x08003355   Thumb Code    72  dma.o(i.MX_DMA_Init)
    MX_GPIO_Init                             0x080033a1   Thumb Code   244  gpio.o(i.MX_GPIO_Init)
    MX_TIM2_Init                             0x080034ad   Thumb Code    98  tim.o(i.MX_TIM2_Init)
    MX_USART1_UART_Init                      0x08003525   Thumb Code    52  usart.o(i.MX_USART1_UART_Init)
    MemManage_Handler                        0x08003571   Thumb Code     2  stm32f1xx_it.o(i.MemManage_Handler)
    NMI_Handler                              0x08003573   Thumb Code     2  stm32f1xx_it.o(i.NMI_Handler)
    PendSV_Handler                           0x08003595   Thumb Code     2  stm32f1xx_it.o(i.PendSV_Handler)
    SVC_Handler                              0x08003597   Thumb Code     2  stm32f1xx_it.o(i.SVC_Handler)
    SysTick_Handler                          0x08003599   Thumb Code    14  stm32f1xx_it.o(i.SysTick_Handler)
    SystemClock_Config                       0x080035a7   Thumb Code   120  main.o(i.SystemClock_Config)
    SystemInit                               0x08003621   Thumb Code    56  system_stm32f1xx.o(i.SystemInit)
    TIM2_IRQHandler                          0x08003669   Thumb Code     6  stm32f1xx_it.o(i.TIM2_IRQHandler)
    TIM_Base_SetConfig                       0x08003675   Thumb Code   120  stm32f1xx_hal_tim.o(i.TIM_Base_SetConfig)
    USART1_IRQHandler                        0x08003b09   Thumb Code    46  stm32f1xx_it.o(i.USART1_IRQHandler)
    UsageFault_Handler                       0x08003b45   Thumb Code     2  stm32f1xx_it.o(i.UsageFault_Handler)
    _Error_Handler                           0x08003b47   Thumb Code     2  main.o(i._Error_Handler)
    __ARM_fpclassify                         0x08003b49   Thumb Code    40  fpclassify.o(i.__ARM_fpclassify)
    __kernel_poly                            0x08003b71   Thumb Code   170  poly.o(i.__kernel_poly)
    __mathlib_dbl_underflow                  0x08003c1d   Thumb Code    10  dunder.o(i.__mathlib_dbl_underflow)
    __read_errno                             0x08003c2d   Thumb Code     6  errno.o(i.__read_errno)
    __scatterload_copy                       0x08003c39   Thumb Code    14  handlers.o(i.__scatterload_copy)
    __scatterload_null                       0x08003c47   Thumb Code     2  handlers.o(i.__scatterload_null)
    __scatterload_zeroinit                   0x08003c49   Thumb Code    14  handlers.o(i.__scatterload_zeroinit)
    __set_errno                              0x08003c59   Thumb Code     6  errno.o(i.__set_errno)
    _is_digit                                0x08003c65   Thumb Code    14  scanf_fp.o(i._is_digit)
    atof                                     0x08003c73   Thumb Code    42  atof.o(i.atof)
    delay_us                                 0x08003c9d   Thumb Code    10  ds18b20.o(i.delay_us)
    ecvt                                     0x08003ca9   Thumb Code   184  main.o(i.ecvt)
    init_x9312                               0x08003d75   Thumb Code    64  x9312.o(i.init_x9312)
    light_number                             0x08003db9   Thumb Code   254  main.o(i.light_number)
    main                                     0x08003ec5   Thumb Code   348  main.o(i.main)
    pow                                      0x08004045   Thumb Code  2510  pow.o(i.pow)
    set_PWM_R                                0x08004a25   Thumb Code   106  x9312.o(i.set_PWM_R)
    set_dac_value                            0x08004aa1   Thumb Code   146  main.o(i.set_dac_value)
    sqrt                                     0x08004b4d   Thumb Code    76  sqrt.o(i.sqrt)
    uartdamget                               0x08004b99   Thumb Code   122  main.o(i.uartdamget)
    AHBPrescTable                            0x08004c24   Data          16  system_stm32f1xx.o(.constdata)
    APBPrescTable                            0x08004c34   Data           8  system_stm32f1xx.o(.constdata)
    __mathlib_zero                           0x08004cc8   Data           8  qnan.o(.constdata)
    __ctype_categories                       0x08004cd0   Data          64  ctype_c.o(.constdata)
    Region$$Table$$Base                      0x08004d10   Number         0  anon$$obj.o(Region$$Table)
    Region$$Table$$Limit                     0x08004d30   Number         0  anon$$obj.o(Region$$Table)
    uwTickFreq                               0x20000000   Data           1  stm32f1xx_hal.o(.data)
    uwTickPrio                               0x20000004   Data           4  stm32f1xx_hal.o(.data)
    uwTick                                   0x20000008   Data           4  stm32f1xx_hal.o(.data)
    recv_end_flag                            0x20000010   Data           1  main.o(.data)
    i                                        0x20000011   Data           1  main.o(.data)
    tag                                      0x20000014   Data           4  main.o(.data)
    temp                                     0x20000018   Data           4  main.o(.data)
    dac_number                               0x2000001c   Data           4  main.o(.data)
    R_set                                    0x20000020   Data           4  main.o(.data)
    R_now                                    0x20000024   Data           4  main.o(.data)
    tempr_set                                0x20000028   Data           8  main.o(.data)
    tempr_now                                0x20000030   Data           8  main.o(.data)
    tempr_18b20                              0x20000038   Data           8  main.o(.data)
    lightening_number                        0x20000040   Data           8  main.o(.data)
    count                                    0x20000048   Data           8  main.o(.data)
    ad_pid                                   0x20000050   Data           8  main.o(.data)
    ad_pt100_low                             0x20000058   Data           8  main.o(.data)
    ad_pt100_high                            0x20000060   Data           8  main.o(.data)
    aTxStartMessage                          0x20000068   Data          88  main.o(.data)
    SettemMessage1                           0x200000c0   Data          34  main.o(.data)
    SettemMessage2                           0x200000e2   Data          12  main.o(.data)
    ds18b20message                           0x200000ee   Data          24  main.o(.data)
    SystemCoreClock                          0x20000108   Data           4  system_stm32f1xx.o(.data)
    ReceiveBuff                              0x20000110   Data          10  main.o(.bss)
    SendBuff                                 0x2000011a   Data          10  main.o(.bss)
    ADC_PID                                  0x20000124   Data         200  main.o(.bss)
    ADC_PT100                                0x200001ec   Data         400  main.o(.bss)
    huart1                                   0x2000037c   Data          64  usart.o(.bss)
    hdma_usart1_rx                           0x200003bc   Data          68  usart.o(.bss)
    hdma_usart1_tx                           0x20000400   Data          68  usart.o(.bss)
    htim2                                    0x20000444   Data          64  tim.o(.bss)
    hdac                                     0x20000484   Data          20  dac.o(.bss)
    hadc1                                    0x20000498   Data          48  adc.o(.bss)
    hadc3                                    0x200004c8   Data          48  adc.o(.bss)
    hdma_adc1                                0x200004f8   Data          68  adc.o(.bss)
    hdma_adc3                                0x2000053c   Data          68  adc.o(.bss)
    __initial_sp                             0x20000980   Data           0  startup_stm32f103xe.o(STACK)



==============================================================================

Memory Map of the image

  Image Entry point : 0x08000131

  Load Region LR_IROM1 (Base: 0x08000000, Size: 0x00004e40, Max: 0x00080000, ABSOLUTE)

    Execution Region ER_IROM1 (Base: 0x08000000, Size: 0x00004d30, Max: 0x00080000, ABSOLUTE)

    Base Addr    Size         Type   Attr      Idx    E Section Name        Object

    0x08000000   0x00000130   Data   RO         3311    RESET               startup_stm32f103xe.o
    0x08000130   0x00000000   Code   RO         3368  * .ARM.Collect$$$$00000000  mc_w.l(entry.o)
    0x08000130   0x00000004   Code   RO         3412    .ARM.Collect$$$$00000001  mc_w.l(entry2.o)
    0x08000134   0x00000004   Code   RO         3415    .ARM.Collect$$$$00000004  mc_w.l(entry5.o)
    0x08000138   0x00000000   Code   RO         3417    .ARM.Collect$$$$00000008  mc_w.l(entry7b.o)
    0x08000138   0x00000000   Code   RO         3419    .ARM.Collect$$$$0000000A  mc_w.l(entry8b.o)
    0x08000138   0x00000008   Code   RO         3420    .ARM.Collect$$$$0000000B  mc_w.l(entry9a.o)
    0x08000140   0x00000000   Code   RO         3422    .ARM.Collect$$$$0000000D  mc_w.l(entry10a.o)
    0x08000140   0x00000000   Code   RO         3424    .ARM.Collect$$$$0000000F  mc_w.l(entry11a.o)
    0x08000140   0x00000004   Code   RO         3413    .ARM.Collect$$$$00002712  mc_w.l(entry2.o)
    0x08000144   0x00000024   Code   RO         3312    .text               startup_stm32f103xe.o
    0x08000168   0x00000020   Code   RO         3371    .text               mc_w.l(llushr.o)
    0x08000188   0x00000024   Code   RO         3373    .text               mc_w.l(memseta.o)
    0x080001ac   0x0000014e   Code   RO         3375    .text               mf_w.l(dadd.o)
    0x080002fa   0x000000e4   Code   RO         3377    .text               mf_w.l(dmul.o)
    0x080003de   0x000000de   Code   RO         3379    .text               mf_w.l(ddiv.o)
    0x080004bc   0x0000002e   Code   RO         3381    .text               mf_w.l(dscalb.o)
    0x080004ea   0x00000022   Code   RO         3383    .text               mf_w.l(dflti.o)
    0x0800050c   0x0000001a   Code   RO         3385    .text               mf_w.l(dfltui.o)
    0x08000526   0x0000003e   Code   RO         3387    .text               mf_w.l(dfixi.o)
    0x08000564   0x00000026   Code   RO         3389    .text               mf_w.l(f2d.o)
    0x0800058a   0x00000002   PAD
    0x0800058c   0x00000028   Code   RO         3391    .text               mf_w.l(cdcmple.o)
    0x080005b4   0x00000028   Code   RO         3393    .text               mf_w.l(cdrcmple.o)
    0x080005dc   0x00000038   Code   RO         3395    .text               mf_w.l(d2f.o)
    0x08000614   0x0000001e   Code   RO         3426    .text               mc_w.l(llshl.o)
    0x08000632   0x00000024   Code   RO         3428    .text               mc_w.l(llsshr.o)
    0x08000656   0x00000002   PAD
    0x08000658   0x0000009c   Code   RO         3437    .text               mc_w.l(strtod.o)
    0x080006f4   0x00000000   Code   RO         3439    .text               mc_w.l(iusefp.o)
    0x080006f4   0x0000006c   Code   RO         3440    .text               mf_w.l(fepilogue.o)
    0x08000760   0x000000be   Code   RO         3442    .text               mf_w.l(depilogue.o)
    0x0800081e   0x00000002   PAD
    0x08000820   0x00000024   Code   RO         3444    .text               mc_w.l(init.o)
    0x08000844   0x0000000a   Code   RO         3446    .text               mc_w.l(isspace_c.o)
    0x0800084e   0x00000002   PAD
    0x08000850   0x0000033c   Code   RO         3448    .text               mc_w.l(scanf_fp.o)
    0x08000b8c   0x00000040   Code   RO         3452    .text               mc_w.l(_sgetc.o)
    0x08000bcc   0x000000a2   Code   RO         3454    .text               mf_w.l(dsqrt.o)
    0x08000c6e   0x00000002   PAD
    0x08000c70   0x00000028   Code   RO         3456    .text               mc_w.l(ctype_c.o)
    0x08000c98   0x00000018   Code   RO         3459    .text               mf_w.l(dfltul.o)
    0x08000cb0   0x0000004c   Code   RO         2520    i.ADC_ConversionStop_Disable  stm32f1xx_hal_adc.o
    0x08000cfc   0x0000004e   Code   RO         2521    i.ADC_DMAConvCplt   stm32f1xx_hal_adc.o
    0x08000d4a   0x0000001a   Code   RO         2522    i.ADC_DMAError      stm32f1xx_hal_adc.o
    0x08000d64   0x0000000a   Code   RO         2523    i.ADC_DMAHalfConvCplt  stm32f1xx_hal_adc.o
    0x08000d6e   0x00000002   PAD
    0x08000d70   0x00000070   Code   RO         2524    i.ADC_Enable        stm32f1xx_hal_adc.o
    0x08000de0   0x00000002   Code   RO         2872    i.BusFault_Handler  stm32f1xx_it.o
    0x08000de2   0x00000002   PAD
    0x08000de4   0x0000000c   Code   RO         2873    i.DMA1_Channel1_IRQHandler  stm32f1xx_it.o
    0x08000df0   0x0000000c   Code   RO         2874    i.DMA1_Channel4_IRQHandler  stm32f1xx_it.o
    0x08000dfc   0x0000000c   Code   RO         2875    i.DMA1_Channel5_IRQHandler  stm32f1xx_it.o
    0x08000e08   0x0000000c   Code   RO         2876    i.DMA2_Channel4_5_IRQHandler  stm32f1xx_it.o
    0x08000e14   0x0000002a   Code   RO          261    i.DMA_SetConfig     stm32f1xx_hal_dma.o
    0x08000e3e   0x00000002   PAD
    0x08000e40   0x00000054   Code   RO         3140    i.DS18B20_Check     ds18b20.o
    0x08000e94   0x00000074   Code   RO         3141    i.DS18B20_Get_Temp  ds18b20.o
    0x08000f08   0x00000034   Code   RO         3142    i.DS18B20_Init      ds18b20.o
    0x08000f3c   0x00000044   Code   RO         3143    i.DS18B20_Read_Bit  ds18b20.o
    0x08000f80   0x00000020   Code   RO         3144    i.DS18B20_Read_Byte  ds18b20.o
    0x08000fa0   0x00000030   Code   RO         3145    i.DS18B20_Rst       ds18b20.o
    0x08000fd0   0x0000001a   Code   RO         3146    i.DS18B20_Start     ds18b20.o
    0x08000fea   0x00000002   PAD
    0x08000fec   0x0000005c   Code   RO         3147    i.DS18B20_Write_Byte  ds18b20.o
    0x08001048   0x00000002   Code   RO         2877    i.DebugMon_Handler  stm32f1xx_it.o
    0x0800104a   0x0000001e   Code   RO         2878    i.EXTI15_10_IRQHandler  stm32f1xx_it.o
    0x08001068   0x000001f0   Code   RO         2425    i.HAL_ADCEx_InjectedConfigChannel  stm32f1xx_hal_adc_ex.o
    0x08001258   0x000000fc   Code   RO         2526    i.HAL_ADC_ConfigChannel  stm32f1xx_hal_adc.o
    0x08001354   0x00000002   Code   RO         2527    i.HAL_ADC_ConvCpltCallback  stm32f1xx_hal_adc.o
    0x08001356   0x00000002   Code   RO         2528    i.HAL_ADC_ConvHalfCpltCallback  stm32f1xx_hal_adc.o
    0x08001358   0x00000002   Code   RO         2530    i.HAL_ADC_ErrorCallback  stm32f1xx_hal_adc.o
    0x0800135a   0x00000002   PAD
    0x0800135c   0x00000124   Code   RO         2535    i.HAL_ADC_Init      stm32f1xx_hal_adc.o
    0x08001480   0x000000e4   Code   RO         3216    i.HAL_ADC_MspInit   adc.o
    0x08001564   0x0000010c   Code   RO         2542    i.HAL_ADC_Start_DMA  stm32f1xx_hal_adc.o
    0x08001670   0x00000042   Code   RO         2295    i.HAL_DAC_ConfigChannel  stm32f1xx_hal_dac.o
    0x080016b2   0x00000028   Code   RO         2303    i.HAL_DAC_Init      stm32f1xx_hal_dac.o
    0x080016da   0x00000002   PAD
    0x080016dc   0x00000040   Code   RO         3099    i.HAL_DAC_MspInit   dac.o
    0x0800171c   0x0000001a   Code   RO         2306    i.HAL_DAC_SetValue  stm32f1xx_hal_dac.o
    0x08001736   0x00000054   Code   RO         2307    i.HAL_DAC_Start     stm32f1xx_hal_dac.o
    0x0800178a   0x00000030   Code   RO          262    i.HAL_DMA_Abort     stm32f1xx_hal_dma.o
    0x080017ba   0x00000002   PAD
    0x080017bc   0x00000130   Code   RO          263    i.HAL_DMA_Abort_IT  stm32f1xx_hal_dma.o
    0x080018ec   0x0000024c   Code   RO          267    i.HAL_DMA_IRQHandler  stm32f1xx_hal_dma.o
    0x08001b38   0x00000084   Code   RO          268    i.HAL_DMA_Init      stm32f1xx_hal_dma.o
    0x08001bbc   0x00000070   Code   RO          272    i.HAL_DMA_Start_IT  stm32f1xx_hal_dma.o
    0x08001c2c   0x00000024   Code   RO          363    i.HAL_Delay         stm32f1xx_hal.o
    0x08001c50   0x000000b0   Code   RO         2760    i.HAL_GPIO_EXTI_Callback  main.o
    0x08001d00   0x00000018   Code   RO         2150    i.HAL_GPIO_EXTI_IRQHandler  stm32f1xx_hal_gpio.o
    0x08001d18   0x000001f4   Code   RO         2151    i.HAL_GPIO_Init     stm32f1xx_hal_gpio.o
    0x08001f0c   0x0000000a   Code   RO         2153    i.HAL_GPIO_ReadPin  stm32f1xx_hal_gpio.o
    0x08001f16   0x00000008   Code   RO         2154    i.HAL_GPIO_TogglePin  stm32f1xx_hal_gpio.o
    0x08001f1e   0x0000000a   Code   RO         2155    i.HAL_GPIO_WritePin  stm32f1xx_hal_gpio.o
    0x08001f28   0x0000000c   Code   RO          367    i.HAL_GetTick       stm32f1xx_hal.o
    0x08001f34   0x00000010   Code   RO          371    i.HAL_IncTick       stm32f1xx_hal.o
    0x08001f44   0x00000024   Code   RO          372    i.HAL_Init          stm32f1xx_hal.o
    0x08001f68   0x00000040   Code   RO          373    i.HAL_InitTick      stm32f1xx_hal.o
    0x08001fa8   0x00000080   Code   RO         3032    i.HAL_MspInit       stm32f1xx_hal_msp.o
    0x08002028   0x00000018   Code   RO          602    i.HAL_NVIC_EnableIRQ  stm32f1xx_hal_cortex.o
    0x08002040   0x00000040   Code   RO          608    i.HAL_NVIC_SetPriority  stm32f1xx_hal_cortex.o
    0x08002080   0x00000024   Code   RO          609    i.HAL_NVIC_SetPriorityGrouping  stm32f1xx_hal_cortex.o
    0x080020a4   0x000000f0   Code   RO            6    i.HAL_RCCEx_PeriphCLKConfig  stm32f1xx_hal_rcc_ex.o
    0x08002194   0x00000154   Code   RO          718    i.HAL_RCC_ClockConfig  stm32f1xx_hal_rcc.o
    0x080022e8   0x0000000c   Code   RO          723    i.HAL_RCC_GetHCLKFreq  stm32f1xx_hal_rcc.o
    0x080022f4   0x00000020   Code   RO          725    i.HAL_RCC_GetPCLK1Freq  stm32f1xx_hal_rcc.o
    0x08002314   0x00000020   Code   RO          726    i.HAL_RCC_GetPCLK2Freq  stm32f1xx_hal_rcc.o
    0x08002334   0x00000074   Code   RO          727    i.HAL_RCC_GetSysClockFreq  stm32f1xx_hal_rcc.o
    0x080023a8   0x0000030c   Code   RO          730    i.HAL_RCC_OscConfig  stm32f1xx_hal_rcc.o
    0x080026b4   0x00000018   Code   RO          611    i.HAL_SYSTICK_CLKSourceConfig  stm32f1xx_hal_cortex.o
    0x080026cc   0x00000002   Code   RO          612    i.HAL_SYSTICK_Callback  stm32f1xx_hal_cortex.o
    0x080026ce   0x00000028   Code   RO          613    i.HAL_SYSTICK_Config  stm32f1xx_hal_cortex.o
    0x080026f6   0x00000008   Code   RO          614    i.HAL_SYSTICK_IRQHandler  stm32f1xx_hal_cortex.o
    0x080026fe   0x00000002   Code   RO         1553    i.HAL_TIMEx_BreakCallback  stm32f1xx_hal_tim_ex.o
    0x08002700   0x00000002   Code   RO         1554    i.HAL_TIMEx_CommutationCallback  stm32f1xx_hal_tim_ex.o
    0x08002702   0x00000050   Code   RO         1570    i.HAL_TIMEx_MasterConfigSynchronization  stm32f1xx_hal_tim_ex.o
    0x08002752   0x00000036   Code   RO          924    i.HAL_TIM_Base_Init  stm32f1xx_hal_tim.o
    0x08002788   0x00000024   Code   RO         3057    i.HAL_TIM_Base_MspInit  tim.o
    0x080027ac   0x00000018   Code   RO          929    i.HAL_TIM_Base_Start_IT  stm32f1xx_hal_tim.o
    0x080027c4   0x000000f0   Code   RO          933    i.HAL_TIM_ConfigClockSource  stm32f1xx_hal_tim.o
    0x080028b4   0x00000002   Code   RO          953    i.HAL_TIM_IC_CaptureCallback  stm32f1xx_hal_tim.o
    0x080028b6   0x00000166   Code   RO          966    i.HAL_TIM_IRQHandler  stm32f1xx_hal_tim.o
    0x08002a1c   0x00000002   Code   RO          969    i.HAL_TIM_OC_DelayElapsedCallback  stm32f1xx_hal_tim.o
    0x08002a1e   0x00000002   Code   RO          996    i.HAL_TIM_PWM_PulseFinishedCallback  stm32f1xx_hal_tim.o
    0x08002a20   0x00000298   Code   RO         2761    i.HAL_TIM_PeriodElapsedCallback  main.o
    0x08002cb8   0x00000002   Code   RO         1007    i.HAL_TIM_TriggerCallback  stm32f1xx_hal_tim.o
    0x08002cba   0x00000058   Code   RO         1841    i.HAL_UART_DMAStop  stm32f1xx_hal_uart.o
    0x08002d12   0x00000002   Code   RO         1843    i.HAL_UART_ErrorCallback  stm32f1xx_hal_uart.o
    0x08002d14   0x00000110   Code   RO         1846    i.HAL_UART_IRQHandler  stm32f1xx_hal_uart.o
    0x08002e24   0x00000062   Code   RO         1847    i.HAL_UART_Init     stm32f1xx_hal_uart.o
    0x08002e86   0x00000002   PAD
    0x08002e88   0x000000c8   Code   RO         2991    i.HAL_UART_MspInit  usart.o
    0x08002f50   0x00000098   Code   RO         1851    i.HAL_UART_Receive_DMA  stm32f1xx_hal_uart.o
    0x08002fe8   0x00000002   Code   RO         1853    i.HAL_UART_RxCpltCallback  stm32f1xx_hal_uart.o
    0x08002fea   0x00000002   Code   RO         1854    i.HAL_UART_RxHalfCpltCallback  stm32f1xx_hal_uart.o
    0x08002fec   0x000000ba   Code   RO         1855    i.HAL_UART_Transmit  stm32f1xx_hal_uart.o
    0x080030a6   0x0000003e   Code   RO         1857    i.HAL_UART_Transmit_IT  stm32f1xx_hal_uart.o
    0x080030e4   0x00000002   Code   RO         1858    i.HAL_UART_TxCpltCallback  stm32f1xx_hal_uart.o
    0x080030e6   0x00000002   Code   RO         2879    i.HardFault_Handler  stm32f1xx_it.o
    0x080030e8   0x00000108   Code   RO         2727    i.Light             gpio.o
    0x080031f0   0x00000084   Code   RO         3217    i.MX_ADC1_Init      adc.o
    0x08003274   0x0000007c   Code   RO         3218    i.MX_ADC3_Init      adc.o
    0x080032f0   0x00000064   Code   RO         3100    i.MX_DAC_Init       dac.o
    0x08003354   0x0000004c   Code   RO         2700    i.MX_DMA_Init       dma.o
    0x080033a0   0x0000010c   Code   RO         2728    i.MX_GPIO_Init      gpio.o
    0x080034ac   0x00000078   Code   RO         3058    i.MX_TIM2_Init      tim.o
    0x08003524   0x0000004c   Code   RO         2992    i.MX_USART1_UART_Init  usart.o
    0x08003570   0x00000002   Code   RO         2880    i.MemManage_Handler  stm32f1xx_it.o
    0x08003572   0x00000002   Code   RO         2881    i.NMI_Handler       stm32f1xx_it.o
    0x08003574   0x00000020   Code   RO          615    i.NVIC_SetPriority  stm32f1xx_hal_cortex.o
    0x08003594   0x00000002   Code   RO         2882    i.PendSV_Handler    stm32f1xx_it.o
    0x08003596   0x00000002   Code   RO         2883    i.SVC_Handler       stm32f1xx_it.o
    0x08003598   0x0000000e   Code   RO         2884    i.SysTick_Handler   stm32f1xx_it.o
    0x080035a6   0x00000078   Code   RO         2762    i.SystemClock_Config  main.o
    0x0800361e   0x00000002   PAD
    0x08003620   0x00000048   Code   RO         3320    i.SystemInit        system_stm32f1xx.o
    0x08003668   0x0000000c   Code   RO         2885    i.TIM2_IRQHandler   stm32f1xx_it.o
    0x08003674   0x0000008c   Code   RO         1008    i.TIM_Base_SetConfig  stm32f1xx_hal_tim.o
    0x08003700   0x00000014   Code   RO         1015    i.TIM_ETR_SetConfig  stm32f1xx_hal_tim.o
    0x08003714   0x00000010   Code   RO         1016    i.TIM_ITRx_SetConfig  stm32f1xx_hal_tim.o
    0x08003724   0x00000022   Code   RO         1022    i.TIM_TI1_ConfigInputStage  stm32f1xx_hal_tim.o
    0x08003746   0x00000024   Code   RO         1024    i.TIM_TI2_ConfigInputStage  stm32f1xx_hal_tim.o
    0x0800376a   0x00000010   Code   RO         1860    i.UART_DMAAbortOnError  stm32f1xx_hal_uart.o
    0x0800377a   0x0000004a   Code   RO         1861    i.UART_DMAError     stm32f1xx_hal_uart.o
    0x080037c4   0x0000003c   Code   RO         1862    i.UART_DMAReceiveCplt  stm32f1xx_hal_uart.o
    0x08003800   0x0000000a   Code   RO         1864    i.UART_DMARxHalfCplt  stm32f1xx_hal_uart.o
    0x0800380a   0x0000001c   Code   RO         1870    i.UART_EndRxTransfer  stm32f1xx_hal_uart.o
    0x08003826   0x00000012   Code   RO         1871    i.UART_EndTxTransfer  stm32f1xx_hal_uart.o
    0x08003838   0x00000096   Code   RO         1872    i.UART_Receive_IT   stm32f1xx_hal_uart.o
    0x080038ce   0x00000002   PAD
    0x080038d0   0x00000170   Code   RO         1873    i.UART_SetConfig    stm32f1xx_hal_uart.o
    0x08003a40   0x00000062   Code   RO         1874    i.UART_Transmit_IT  stm32f1xx_hal_uart.o
    0x08003aa2   0x00000064   Code   RO         1875    i.UART_WaitOnFlagUntilTimeout  stm32f1xx_hal_uart.o
    0x08003b06   0x00000002   PAD
    0x08003b08   0x0000003c   Code   RO         2886    i.USART1_IRQHandler  stm32f1xx_it.o
    0x08003b44   0x00000002   Code   RO         2887    i.UsageFault_Handler  stm32f1xx_it.o
    0x08003b46   0x00000002   Code   RO         2763    i._Error_Handler    main.o
    0x08003b48   0x00000028   Code   RO         3399    i.__ARM_fpclassify  m_ws.l(fpclassify.o)
    0x08003b70   0x000000aa   Code   RO         3401    i.__kernel_poly     m_ws.l(poly.o)
    0x08003c1a   0x00000002   PAD
    0x08003c1c   0x00000010   Code   RO         3397    i.__mathlib_dbl_underflow  m_ws.l(dunder.o)
    0x08003c2c   0x0000000c   Code   RO         3431    i.__read_errno      mc_w.l(errno.o)
    0x08003c38   0x0000000e   Code   RO         3463    i.__scatterload_copy  mc_w.l(handlers.o)
    0x08003c46   0x00000002   Code   RO         3464    i.__scatterload_null  mc_w.l(handlers.o)
    0x08003c48   0x0000000e   Code   RO         3465    i.__scatterload_zeroinit  mc_w.l(handlers.o)
    0x08003c56   0x00000002   PAD
    0x08003c58   0x0000000c   Code   RO         3432    i.__set_errno       mc_w.l(errno.o)
    0x08003c64   0x0000000e   Code   RO         3450    i._is_digit         mc_w.l(scanf_fp.o)
    0x08003c72   0x0000002a   Code   RO         3355    i.atof              m_ws.l(atof.o)
    0x08003c9c   0x0000000a   Code   RO         3149    i.delay_us          ds18b20.o
    0x08003ca6   0x00000002   PAD
    0x08003ca8   0x000000cc   Code   RO         2764    i.ecvt              main.o
    0x08003d74   0x00000044   Code   RO         3263    i.init_x9312        x9312.o
    0x08003db8   0x0000010c   Code   RO         2766    i.light_number      main.o
    0x08003ec4   0x00000180   Code   RO         2767    i.main              main.o
    0x08004044   0x000009e0   Code   RO         3359    i.pow               m_ws.l(pow.o)
    0x08004a24   0x0000007c   Code   RO         3264    i.set_PWM_R         x9312.o
    0x08004aa0   0x000000ac   Code   RO         2768    i.set_dac_value     main.o
    0x08004b4c   0x0000004c   Code   RO         3405    i.sqrt              m_ws.l(sqrt.o)
    0x08004b98   0x0000008c   Code   RO         2769    i.uartdamget        main.o
    0x08004c24   0x00000010   Data   RO         3321    .constdata          system_stm32f1xx.o
    0x08004c34   0x00000008   Data   RO         3322    .constdata          system_stm32f1xx.o
    0x08004c3c   0x00000004   PAD
    0x08004c40   0x00000088   Data   RO         3360    .constdata          m_ws.l(pow.o)
    0x08004cc8   0x00000008   Data   RO         3403    .constdata          m_ws.l(qnan.o)
    0x08004cd0   0x00000040   Data   RO         3457    .constdata          mc_w.l(ctype_c.o)
    0x08004d10   0x00000020   Data   RO         3461    Region$$Table       anon$$obj.o


    Execution Region RW_IRAM1 (Base: 0x20000000, Size: 0x00000980, Max: 0x00010000, ABSOLUTE)

    Base Addr    Size         Type   Attr      Idx    E Section Name        Object

    0x20000000   0x0000000c   Data   RW          379    .data               stm32f1xx_hal.o
    0x2000000c   0x00000004   PAD
    0x20000010   0x000000f6   Data   RW         2771    .data               main.o
    0x20000106   0x00000002   PAD
    0x20000108   0x00000004   Data   RW         3323    .data               system_stm32f1xx.o
    0x2000010c   0x00000004   Data   RW         3433    .data               mc_w.l(errno.o)
    0x20000110   0x0000026c   Zero   RW         2770    .bss                main.o
    0x2000037c   0x000000c8   Zero   RW         2993    .bss                usart.o
    0x20000444   0x00000040   Zero   RW         3059    .bss                tim.o
    0x20000484   0x00000014   Zero   RW         3101    .bss                dac.o
    0x20000498   0x000000e8   Zero   RW         3219    .bss                adc.o
    0x20000580   0x00000400   Zero   RW         3309    STACK               startup_stm32f103xe.o


==============================================================================

Image component sizes


      Code (inc. data)   RO Data    RW Data    ZI Data      Debug   Object Name

       484         96          0          0        232       2142   adc.o
       164         40          0          0         20       1319   dac.o
        76          4          0          0          0        674   dma.o
       528         32          0          0          0       4369   ds18b20.o
       532         32          0          0          0       1543   gpio.o
      2130        190          0        246        620      11229   main.o
        36          8        304          0       1024        712   startup_stm32f103xe.o
       164         28          0         12          0       3405   stm32f1xx_hal.o
      1120         58          0          0          0       7138   stm32f1xx_hal_adc.o
       496         18          0          0          0       1438   stm32f1xx_hal_adc_ex.o
       230         24          0          0          0      26521   stm32f1xx_hal_cortex.o
       216          0          0          0          0       2794   stm32f1xx_hal_dac.o
      1226         54          0          0          0       4202   stm32f1xx_hal_dma.o
       552         52          0          0          0       3943   stm32f1xx_hal_gpio.o
       128         10          0          0          0        766   stm32f1xx_hal_msp.o
      1312        102          0          0          0       5036   stm32f1xx_hal_rcc.o
       240         14          0          0          0     503752   stm32f1xx_hal_rcc_ex.o
       930         20          0          0          0       8199   stm32f1xx_hal_tim.o
        84          0          0          0          0       2066   stm32f1xx_hal_tim_ex.o
      1788         24          0          0          0      11966   stm32f1xx_hal_uart.o
       180         44          0          0          0       6861   stm32f1xx_it.o
        72         16         24          4          0        999   system_stm32f1xx.o
       156         28          0          0         64       1334   tim.o
       276         60          0          0        200       1560   usart.o
       192         22          0          0          0        865   x9312.o

    ----------------------------------------------------------------------
     13336        976        364        268       2160     614833   Object Totals
         0          0         32          0          0          0   (incl. Generated)
        24          0          4          6          0          0   (incl. Padding)

    ----------------------------------------------------------------------

      Code (inc. data)   RO Data    RW Data    ZI Data      Debug   Library Member Name

        42          0          0          0          0         84   atof.o
        16          6          0          0          0         68   dunder.o
        40          0          0          0          0         68   fpclassify.o
       170          0          0          0          0         96   poly.o
      2528        190        136          0          0        332   pow.o
         0          0          8          0          0          0   qnan.o
        76          0          0          0          0         84   sqrt.o
        64          0          0          0          0         84   _sgetc.o
        40          6         64          0          0         68   ctype_c.o
         0          0          0          0          0          0   entry.o
         0          0          0          0          0          0   entry10a.o
         0          0          0          0          0          0   entry11a.o
         8          4          0          0          0          0   entry2.o
         4          0          0          0          0          0   entry5.o
         0          0          0          0          0          0   entry7b.o
         0          0          0          0          0          0   entry8b.o
         8          4          0          0          0          0   entry9a.o
        24         12          0          4          0        136   errno.o
        30          0          0          0          0          0   handlers.o
        36          8          0          0          0         68   init.o
        10          0          0          0          0         68   isspace_c.o
         0          0          0          0          0          0   iusefp.o
        30          0          0          0          0         68   llshl.o
        36          0          0          0          0         68   llsshr.o
        32          0          0          0          0         68   llushr.o
        36          0          0          0          0        108   memseta.o
       842         12          0          0          0        216   scanf_fp.o
       156         14          0          0          0        120   strtod.o
        40          2          0          0          0         68   cdcmple.o
        40          2          0          0          0         68   cdrcmple.o
        56          0          0          0          0         88   d2f.o
       334          0          0          0          0        148   dadd.o
       222          0          0          0          0        100   ddiv.o
       190          0          0          0          0        176   depilogue.o
        62          0          0          0          0         80   dfixi.o
        34          0          0          0          0         76   dflti.o
        26          0          0          0          0         76   dfltui.o
        24          0          0          0          0         76   dfltul.o
       228          0          0          0          0         96   dmul.o
        46          0          0          0          0         80   dscalb.o
       162          0          0          0          0        100   dsqrt.o
        38          0          0          0          0         68   f2d.o
       108          0          0          0          0        168   fepilogue.o

    ----------------------------------------------------------------------
      5852        260        208          4          0       3272   Library Totals
        14          0          0          0          0          0   (incl. Padding)

    ----------------------------------------------------------------------

      Code (inc. data)   RO Data    RW Data    ZI Data      Debug   Library Name

      2872        196        144          0          0        732   m_ws.l
      1356         60         64          4          0       1072   mc_w.l
      1610          4          0          0          0       1468   mf_w.l

    ----------------------------------------------------------------------
      5852        260        208          4          0       3272   Library Totals

    ----------------------------------------------------------------------

==============================================================================


      Code (inc. data)   RO Data    RW Data    ZI Data      Debug   

     19188       1236        572        272       2160     609681   Grand Totals
     19188       1236        572        272       2160     609681   ELF Image Totals
     19188       1236        572        272          0          0   ROM Totals

==============================================================================

    Total RO  Size (Code + RO Data)                19760 (  19.30kB)
    Total RW  Size (RW Data + ZI Data)              2432 (   2.38kB)
    Total ROM Size (Code + RO Data + RW Data)      20032 (  19.56kB)

==============================================================================

